Archive member included to satisfy reference by file (symbol)

C:/ST/STM32CubeIDE_1.17.0/STM32CubeIDE/plugins/com.st.stm32cube.ide.mcu.externaltools.gnu-tools-for-stm32.12.3.rel1.win32_1.1.0.202410251130/tools/bin/../lib/gcc/arm-none-eabi/12.3.1/../../../../arm-none-eabi/lib/thumb/v7-m/nofp\libc_nano.a(libc_a-exit.o)
                              C:/ST/STM32CubeIDE_1.17.0/STM32CubeIDE/plugins/com.st.stm32cube.ide.mcu.externaltools.gnu-tools-for-stm32.12.3.rel1.win32_1.1.0.202410251130/tools/bin/../lib/gcc/arm-none-eabi/12.3.1/../../../../arm-none-eabi/lib/thumb/v7-m/nofp/crt0.o (exit)
C:/ST/STM32CubeIDE_1.17.0/STM32CubeIDE/plugins/com.st.stm32cube.ide.mcu.externaltools.gnu-tools-for-stm32.12.3.rel1.win32_1.1.0.202410251130/tools/bin/../lib/gcc/arm-none-eabi/12.3.1/../../../../arm-none-eabi/lib/thumb/v7-m/nofp\libc_nano.a(libc_a-findfp.o)
                              C:/ST/STM32CubeIDE_1.17.0/STM32CubeIDE/plugins/com.st.stm32cube.ide.mcu.externaltools.gnu-tools-for-stm32.12.3.rel1.win32_1.1.0.202410251130/tools/bin/../lib/gcc/arm-none-eabi/12.3.1/../../../../arm-none-eabi/lib/thumb/v7-m/nofp\libc_nano.a(libc_a-exit.o) (__stdio_exit_handler)
C:/ST/STM32CubeIDE_1.17.0/STM32CubeIDE/plugins/com.st.stm32cube.ide.mcu.externaltools.gnu-tools-for-stm32.12.3.rel1.win32_1.1.0.202410251130/tools/bin/../lib/gcc/arm-none-eabi/12.3.1/../../../../arm-none-eabi/lib/thumb/v7-m/nofp\libc_nano.a(libc_a-fwalk.o)
                              C:/ST/STM32CubeIDE_1.17.0/STM32CubeIDE/plugins/com.st.stm32cube.ide.mcu.externaltools.gnu-tools-for-stm32.12.3.rel1.win32_1.1.0.202410251130/tools/bin/../lib/gcc/arm-none-eabi/12.3.1/../../../../arm-none-eabi/lib/thumb/v7-m/nofp\libc_nano.a(libc_a-findfp.o) (_fwalk_sglue)
C:/ST/STM32CubeIDE_1.17.0/STM32CubeIDE/plugins/com.st.stm32cube.ide.mcu.externaltools.gnu-tools-for-stm32.12.3.rel1.win32_1.1.0.202410251130/tools/bin/../lib/gcc/arm-none-eabi/12.3.1/../../../../arm-none-eabi/lib/thumb/v7-m/nofp\libc_nano.a(libc_a-stdio.o)
                              C:/ST/STM32CubeIDE_1.17.0/STM32CubeIDE/plugins/com.st.stm32cube.ide.mcu.externaltools.gnu-tools-for-stm32.12.3.rel1.win32_1.1.0.202410251130/tools/bin/../lib/gcc/arm-none-eabi/12.3.1/../../../../arm-none-eabi/lib/thumb/v7-m/nofp\libc_nano.a(libc_a-findfp.o) (__sread)
C:/ST/STM32CubeIDE_1.17.0/STM32CubeIDE/plugins/com.st.stm32cube.ide.mcu.externaltools.gnu-tools-for-stm32.12.3.rel1.win32_1.1.0.202410251130/tools/bin/../lib/gcc/arm-none-eabi/12.3.1/../../../../arm-none-eabi/lib/thumb/v7-m/nofp\libc_nano.a(libc_a-memset.o)
                              C:/ST/STM32CubeIDE_1.17.0/STM32CubeIDE/plugins/com.st.stm32cube.ide.mcu.externaltools.gnu-tools-for-stm32.12.3.rel1.win32_1.1.0.202410251130/tools/bin/../lib/gcc/arm-none-eabi/12.3.1/../../../../arm-none-eabi/lib/thumb/v7-m/nofp/crt0.o (memset)
C:/ST/STM32CubeIDE_1.17.0/STM32CubeIDE/plugins/com.st.stm32cube.ide.mcu.externaltools.gnu-tools-for-stm32.12.3.rel1.win32_1.1.0.202410251130/tools/bin/../lib/gcc/arm-none-eabi/12.3.1/../../../../arm-none-eabi/lib/thumb/v7-m/nofp\libc_nano.a(libc_a-closer.o)
                              C:/ST/STM32CubeIDE_1.17.0/STM32CubeIDE/plugins/com.st.stm32cube.ide.mcu.externaltools.gnu-tools-for-stm32.12.3.rel1.win32_1.1.0.202410251130/tools/bin/../lib/gcc/arm-none-eabi/12.3.1/../../../../arm-none-eabi/lib/thumb/v7-m/nofp\libc_nano.a(libc_a-stdio.o) (_close_r)
C:/ST/STM32CubeIDE_1.17.0/STM32CubeIDE/plugins/com.st.stm32cube.ide.mcu.externaltools.gnu-tools-for-stm32.12.3.rel1.win32_1.1.0.202410251130/tools/bin/../lib/gcc/arm-none-eabi/12.3.1/../../../../arm-none-eabi/lib/thumb/v7-m/nofp\libc_nano.a(libc_a-reent.o)
                              C:/ST/STM32CubeIDE_1.17.0/STM32CubeIDE/plugins/com.st.stm32cube.ide.mcu.externaltools.gnu-tools-for-stm32.12.3.rel1.win32_1.1.0.202410251130/tools/bin/../lib/gcc/arm-none-eabi/12.3.1/../../../../arm-none-eabi/lib/thumb/v7-m/nofp\libc_nano.a(libc_a-closer.o) (errno)
C:/ST/STM32CubeIDE_1.17.0/STM32CubeIDE/plugins/com.st.stm32cube.ide.mcu.externaltools.gnu-tools-for-stm32.12.3.rel1.win32_1.1.0.202410251130/tools/bin/../lib/gcc/arm-none-eabi/12.3.1/../../../../arm-none-eabi/lib/thumb/v7-m/nofp\libc_nano.a(libc_a-impure.o)
                              C:/ST/STM32CubeIDE_1.17.0/STM32CubeIDE/plugins/com.st.stm32cube.ide.mcu.externaltools.gnu-tools-for-stm32.12.3.rel1.win32_1.1.0.202410251130/tools/bin/../lib/gcc/arm-none-eabi/12.3.1/../../../../arm-none-eabi/lib/thumb/v7-m/nofp\libc_nano.a(libc_a-reent.o) (_impure_ptr)
C:/ST/STM32CubeIDE_1.17.0/STM32CubeIDE/plugins/com.st.stm32cube.ide.mcu.externaltools.gnu-tools-for-stm32.12.3.rel1.win32_1.1.0.202410251130/tools/bin/../lib/gcc/arm-none-eabi/12.3.1/../../../../arm-none-eabi/lib/thumb/v7-m/nofp\libc_nano.a(libc_a-lseekr.o)
[...]
Memory Configuration

Name             Origin             Length             Attributes
RAM              0x20000000         0x00005000         xrw
FLASH            0x08000000         0x00020000         xr
*default*        0x00000000         0xffffffff

Linker script and memory map

LOAD C:/ST/STM32CubeIDE_1.17.0/STM32CubeIDE/plugins/com.st.stm32cube.ide.mcu.externaltools.gnu-tools-for-stm32.12.3.rel1.win32_1.1.0.202410251130/tools/bin/../lib/gcc/arm-none-eabi/12.3.1/thumb/v7-m/nofp/crti.o
LOAD C:/ST/STM32CubeIDE_1.17.0/STM32CubeIDE/plugins/com.st.stm32cube.ide.mcu.externaltools.gnu-tools-for-stm32.12.3.rel1.win32_1.1.0.202410251130/tools/bin/../lib/gcc/arm-none-eabi/12.3.1/thumb/v7-m/nofp/crtbegin.o
LOAD C:/ST/STM32CubeIDE_1.17.0/STM32CubeIDE/plugins/com.st.stm32cube.ide.mcu.externaltools.gnu-tools-for-stm32.12.3.rel1.win32_1.1.0.202410251130/tools/bin/../lib/gcc/arm-none-eabi/12.3.1/../../../../arm-none-eabi/lib/thumb/v7-m/nofp/crt0.o
LOAD ./Core/Src/LoRa.o
LOAD ./Core/Src/gpio.o
LOAD ./Core/Src/main.o
LOAD ./Core/Src/spi.o
LOAD ./Core/Src/stm32f1xx_hal_msp.o
LOAD ./Core/Src/stm32f1xx_it.o
LOAD ./Core/Src/syscalls.o
LOAD ./Core/Src/sysmem.o
LOAD ./Core/Src/system_stm32f1xx.o
LOAD ./Core/Src/usart.o
LOAD ./Core/Startup/startup_stm32f103rbtx.o
LOAD ./Drivers/STM32F1xx_HAL_Driver/Src/stm32f1xx_hal.o
LOAD ./Drivers/STM32F1xx_HAL_Driver/Src/stm32f1xx_hal_cortex.o
LOAD ./Drivers/STM32F1xx_HAL_Driver/Src/stm32f1xx_hal_dma.o
LOAD ./Drivers/STM32F1xx_HAL_Driver/Src/stm32f1xx_hal_exti.o
LOAD ./Drivers/STM32F1xx_HAL_Driver/Src/stm32f1xx_hal_flash.o
LOAD ./Drivers/STM32F1xx_HAL_Driver/Src/stm32f1xx_hal_flash_ex.o
LOAD ./Drivers/STM32F1xx_HAL_Driver/Src/stm32f1xx_hal_gpio.o
LOAD ./Drivers/STM32F1xx_HAL_Driver/Src/stm32f1xx_hal_gpio_ex.o
LOAD ./Drivers/STM32F1xx_HAL_Driver/Src/stm32f1xx_hal_pwr.o
LOAD ./Drivers/STM32F1xx_HAL_Driver/Src/stm32f1xx_hal_rcc.o
LOAD ./Drivers/STM32F1xx_HAL_Driver/Src/stm32f1xx_hal_rcc_ex.o
LOAD ./Drivers/STM32F1xx_HAL_Driver/Src/stm32f1xx_hal_spi.o
LOAD ./Drivers/STM32F1xx_HAL_Driver/Src/stm32f1xx_hal_uart.o
START GROUP
LOAD C:/ST/STM32CubeIDE_1.17.0/STM32CubeIDE/plugins/com.st.stm32cube.ide.mcu.externaltools.gnu-tools-for-stm32.12.3.rel1.win32_1.1.0.202410251130/tools/bin/../lib/gcc/arm-none-eabi/12.3.1/../../../../arm-none-eabi/lib/thumb/v7-m/nofp\libc_nano.a
LOAD C:/ST/STM32CubeIDE_1.17.0/STM32CubeIDE/plugins/com.st.stm32cube.ide.mcu.externaltools.gnu-tools-for-stm32.12.3.rel1.win32_1.1.0.202410251130/tools/bin/../lib/gcc/arm-none-eabi/12.3.1/../../../../arm-none-eabi/lib/thumb/v7-m/nofp\libm.a
END GROUP
START GROUP
LOAD C:/ST/STM32CubeIDE_1.17.0/STM32CubeIDE/plugins/com.st.stm32cube.ide.mcu.externaltools.gnu-tools-for-stm32.12.3.rel1.win32_1.1.0.202410251130/tools/bin/../lib/gcc/arm-none-eabi/12.3.1/thumb/v7-m/nofp\libgcc.a
LOAD C:/ST/STM32CubeIDE_1.17.0/STM32CubeIDE/plugins/com.st.stm32cube.ide.mcu.externaltools.gnu-tools-for-stm32.12.3.rel1.win32_1.1.0.202410251130/tools/bin/../lib/gcc/arm-none-eabi/12.3.1/../../../../arm-none-eabi/lib/thumb/v7-m/nofp\libc_nano.a
END GROUP
START GROUP
LOAD C:/ST/STM32CubeIDE_1.17.0/STM32CubeIDE/plugins/com.st.stm32cube.ide.mcu.externaltools.gnu-tools-for-stm32.12.3.rel1.win32_1.1.0.202410251130/tools/bin/../lib/gcc/arm-none-eabi/12.3.1/thumb/v7-m/nofp\libgcc.a
LOAD C:/ST/STM32CubeIDE_1.17.0/STM32CubeIDE/plugins/com.st.stm32cube.ide.mcu.externaltools.gnu-tools-for-stm32.12.3.rel1.win32_1.1.0.202410251130/tools/bin/../lib/gcc/arm-none-eabi/12.3.1/../../../../arm-none-eabi/lib/thumb/v7-m/nofp\libc_nano.a
LOAD C:/ST/STM32CubeIDE_1.17.0/STM32CubeIDE/plugins/com.st.stm32cube.ide.mcu.externaltools.gnu-tools-for-stm32.12.3.rel1.win32_1.1.0.202410251130/tools/bin/../lib/gcc/arm-none-eabi/12.3.1/../../../../arm-none-eabi/lib/thumb/v7-m/nofp\libnosys.a
END GROUP
START GROUP
LOAD C:/ST/STM32CubeIDE_1.17.0/STM32CubeIDE/plugins/com.st.stm32cube.ide.mcu.externaltools.gnu-tools-for-stm32.12.3.rel1.win32_1.1.0.202410251130/tools/bin/../lib/gcc/arm-none-eabi/12.3.1/thumb/v7-m/nofp\libgcc.a
LOAD C:/ST/STM32CubeIDE_1.17.0/STM32CubeIDE/plugins/com.st.stm32cube.ide.mcu.externaltools.gnu-tools-for-stm32.12.3.rel1.win32_1.1.0.202410251130/tools/bin/../lib/gcc/arm-none-eabi/12.3.1/../../../../arm-none-eabi/lib/thumb/v7-m/nofp\libc_nano.a
LOAD C:/ST/STM32CubeIDE_1.17.0/STM32CubeIDE/plugins/com.st.stm32cube.ide.mcu.externaltools.gnu-tools-for-stm32.12.3.rel1.win32_1.1.0.202410251130/tools/bin/../lib/gcc/arm-none-eabi/12.3.1/../../../../arm-none-eabi/lib/thumb/v7-m/nofp\libnosys.a
END GROUP
LOAD C:/ST/STM32CubeIDE_1.17.0/STM32CubeIDE/plugins/com.st.stm32cube.ide.mcu.externaltools.gnu-tools-for-stm32.12.3.rel1.win32_1.1.0.202410251130/tools/bin/../lib/gcc/arm-none-eabi/12.3.1/thumb/v7-m/nofp/crtend.o
LOAD C:/ST/STM32CubeIDE_1.17.0/STM32CubeIDE/plugins/com.st.stm32cube.ide.mcu.externaltools.gnu-tools-for-stm32.12.3.rel1.win32_1.1.0.202410251130/tools/bin/../lib/gcc/arm-none-eabi/12.3.1/thumb/v7-m/nofp/crtn.o
                0x20005000                        _estack = (ORIGIN (RAM) + LENGTH (RAM))
                0x00000200                        _Min_Heap_Size = 0x200
                0x00000400                        _Min_Stack_Size = 0x400

.isr_vector     0x08000000      0x10c
                0x08000000                        . = ALIGN (0x4)
 *(.isr_vector)
 .isr_vector    0x08000000      0x10c ./Core/Startup/startup_stm32f103rbtx.o
                0x08000000                g_pfnVectors
                0x0800010c                        . = ALIGN (0x4)

.text           0x0800010c     0x3174
                0x0800010c                        . = ALIGN (0x4)
 *(.text)
 .text          0x0800010c       0x40 C:/ST/STM32CubeIDE_1.17.0/STM32CubeIDE/plugins/com.st.stm32cube.ide.mcu.externaltools.gnu-tools-for-stm32.12.3.rel1.win32_1.1.0.202410251130/tools/bin/../lib/gcc/arm-none-eabi/12.3.1/thumb/v7-m/nofp/crtbegin.o
 .text          0x0800014c      0x378 C:/ST/STM32CubeIDE_1.17.0/STM32CubeIDE/plugins/com.st.stm32cube.ide.mcu.externaltools.gnu-tools-for-stm32.12.3.rel1.win32_1.1.0.202410251130/tools/bin/../lib/gcc/arm-none-eabi/12.3.1/thumb/v7-m/nofp\libgcc.a(_arm_addsubdf3.o)
                0x0800014c                __aeabi_drsub
                0x08000154                __aeabi_dsub
                0x08000154                __subdf3
                0x08000158                __aeabi_dadd
                0x08000158                __adddf3
                0x080003d0                __floatunsidf
                0x080003d0                __aeabi_ui2d
                0x080003f0                __floatsidf
                0x080003f0                __aeabi_i2d
                0x08000414                __aeabi_f2d
                0x08000414                __extendsfdf2
                0x08000458                __floatundidf
                0x08000458                __aeabi_ul2d
                0x08000468                __floatdidf
                0x08000468                __aeabi_l2d
 .text          0x080004c4      0x424 C:/ST/STM32CubeIDE_1.17.0/STM32CubeIDE/plugins/com.st.stm32cube.ide.mcu.externaltools.gnu-tools-for-stm32.12.3.rel1.win32_1.1.0.202410251130/tools/bin/../lib/gcc/arm-none-eabi/12.3.1/thumb/v7-m/nofp\libgcc.a(_arm_muldivdf3.o)
                0x080004c4                __aeabi_dmul
                0x080004c4                __muldf3
                0x08000718                __divdf3
                0x08000718                __aeabi_ddiv
 .text          0x080008e8       0x50 C:/ST/STM32CubeIDE_1.17.0/STM32CubeIDE/plugins/com.st.stm32cube.ide.mcu.externaltools.gnu-tools-for-stm32.12.3.rel1.win32_1.1.0.202410251130/tools/bin/../lib/gcc/arm-none-eabi/12.3.1/thumb/v7-m/nofp\libgcc.a(_arm_fixdfsi.o)
                0x080008e8                __aeabi_d2iz
                0x080008e8                __fixdfsi
 *(.text*)
 .text.newLoRa  0x08000938       0x52 ./Core/Src/LoRa.o
                0x08000938                newLoRa
 .text.LoRa_gotoMode
                0x0800098a       0xc2 ./Core/Src/LoRa.o
                0x0800098a                LoRa_gotoMode
 .text.LoRa_readReg
                0x08000a4c       0x7c ./Core/Src/LoRa.o
                0x08000a4c                LoRa_readReg
 .text.LoRa_writeReg
                0x08000ac8       0x7c ./Core/Src/LoRa.o
                0x08000ac8                LoRa_writeReg
 .text.LoRa_setLowDaraRateOptimization
                0x08000b44       0x4a ./Core/Src/LoRa.o
                0x08000b44                LoRa_setLowDaraRateOptimization
 *fill*         0x08000b8e        0x2 
 .text.LoRa_setAutoLDO
                0x08000b90       0x6c ./Core/Src/LoRa.o
                0x08000b90                LoRa_setAutoLDO
 .text.LoRa_setFrequency
                0x08000bfc       0x60 ./Core/Src/LoRa.o
                0x08000bfc                LoRa_setFrequency
 .text.LoRa_setSpreadingFactor
                0x08000c5c       0x64 ./Core/Src/LoRa.o
                0x08000c5c                LoRa_setSpreadingFactor
 .text.LoRa_setPower
                0x08000cc0       0x26 ./Core/Src/LoRa.o
                0x08000cc0                LoRa_setPower
 *fill*         0x08000ce6        0x2 
 .text.LoRa_setOCP
                0x08000ce8       0x7c ./Core/Src/LoRa.o
                0x08000ce8                LoRa_setOCP
 .text.LoRa_setTOMsb_setCRCon
                0x08000d64       0x36 ./Core/Src/LoRa.o
                0x08000d64                LoRa_setTOMsb_setCRCon
 .text.LoRa_read
                0x08000d9a       0x34 ./Core/Src/LoRa.o
                0x08000d9a                LoRa_read
 .text.LoRa_write
                0x08000dce       0x3a ./Core/Src/LoRa.o
                0x08000dce                LoRa_write
 .text.LoRa_BurstWrite
                0x08000e08       0x8e ./Core/Src/LoRa.o
                0x08000e08                LoRa_BurstWrite
 .text.LoRa_isvalid
                0x08000e96       0x14 ./Core/Src/LoRa.o
                0x08000e96                LoRa_isvalid
 .text.LoRa_transmit
                0x08000eaa       0xb0 ./Core/Src/LoRa.o
                0x08000eaa                LoRa_transmit
 .text.LoRa_init
                0x08000f5a      0x14e ./Core/Src/LoRa.o
                0x08000f5a                LoRa_init
 .text.MX_GPIO_Init
                0x080010a8      0x124 ./Core/Src/gpio.o
                0x080010a8                MX_GPIO_Init
 .text.main     0x080011cc       0xd0 ./Core/Src/main.o
                0x080011cc                main
 .text.SystemClock_Config
                0x0800129c       0x8a ./Core/Src/main.o
                0x0800129c                SystemClock_Config
 .text.Error_Handler
                0x08001326        0xc ./Core/Src/main.o
                0x08001326                Error_Handler
 *fill*         0x08001332        0x2 
 .text.MX_SPI2_Init
                0x08001334       0x6c ./Core/Src/spi.o
                0x08001334                MX_SPI2_Init
 .text.HAL_SPI_MspInit
                0x080013a0       0x98 ./Core/Src/spi.o
                0x080013a0                HAL_SPI_MspInit
 .text.HAL_MspInit
                0x08001438       0x64 ./Core/Src/stm32f1xx_hal_msp.o
                0x08001438                HAL_MspInit
 .text.NMI_Handler
                0x0800149c        0x8 ./Core/Src/stm32f1xx_it.o
                0x0800149c                NMI_Handler
 .text.HardFault_Handler
                0x080014a4        0x8 ./Core/Src/stm32f1xx_it.o
                0x080014a4                HardFault_Handler
 .text.MemManage_Handler
                0x080014ac        0x8 ./Core/Src/stm32f1xx_it.o
                0x080014ac                MemManage_Handler
 .text.BusFault_Handler
                0x080014b4        0x8 ./Core/Src/stm32f1xx_it.o
                0x080014b4                BusFault_Handler
 .text.UsageFault_Handler
                0x080014bc        0x8 ./Core/Src/stm32f1xx_it.o
                0x080014bc                UsageFault_Handler
 .text.SVC_Handler
                0x080014c4        0xc ./Core/Src/stm32f1xx_it.o
                0x080014c4                SVC_Handler
 .text.DebugMon_Handler
                0x080014d0        0xc ./Core/Src/stm32f1xx_it.o
                0x080014d0                DebugMon_Handler
 .text.PendSV_Handler
                0x080014dc        0xc ./Core/Src/stm32f1xx_it.o
                0x080014dc                PendSV_Handler
 .text.SysTick_Handler
                0x080014e8        0xc ./Core/Src/stm32f1xx_it.o
                0x080014e8                SysTick_Handler
 .text.EXTI15_10_IRQHandler
                0x080014f4       0x10 ./Core/Src/stm32f1xx_it.o
                0x080014f4                EXTI15_10_IRQHandler
 .text.SystemInit
                0x08001504        0xc ./Core/Src/system_stm32f1xx.o
                0x08001504                SystemInit
 .text.MX_USART2_UART_Init
                0x08001510       0x54 ./Core/Src/usart.o
                0x08001510                MX_USART2_UART_Init
 .text.HAL_UART_MspInit
                0x08001564       0x7c ./Core/Src/usart.o
                0x08001564                HAL_UART_MspInit
 .text.Reset_Handler
                0x080015e0       0x48 ./Core/Startup/startup_stm32f103rbtx.o
                0x080015e0                Reset_Handler
 .text.Default_Handler
                0x08001628        0x2 ./Core/Startup/startup_stm32f103rbtx.o
                0x08001628                RTC_Alarm_IRQHandler
                0x08001628                EXTI2_IRQHandler
                0x08001628                TIM1_CC_IRQHandler
                0x08001628                PVD_IRQHandler
                0x08001628                EXTI3_IRQHandler
                0x08001628                EXTI0_IRQHandler
                0x08001628                I2C2_EV_IRQHandler
                0x08001628                ADC1_2_IRQHandler
                0x08001628                SPI1_IRQHandler
                0x08001628                TAMPER_IRQHandler
                0x08001628                DMA1_Channel4_IRQHandler
                0x08001628                USART3_IRQHandler
                0x08001628                RTC_IRQHandler
                0x08001628                DMA1_Channel7_IRQHandler
                0x08001628                CAN1_RX1_IRQHandler
                0x08001628                TIM4_IRQHandler
                0x08001628                I2C1_EV_IRQHandler
                0x08001628                DMA1_Channel6_IRQHandler
                0x08001628                TIM3_IRQHandler
                0x08001628                RCC_IRQHandler
                0x08001628                TIM1_TRG_COM_IRQHandler
                0x08001628                DMA1_Channel1_IRQHandler
                0x08001628                Default_Handler
                0x08001628                EXTI9_5_IRQHandler
                0x08001628                SPI2_IRQHandler
                0x08001628                DMA1_Channel5_IRQHandler
                0x08001628                EXTI4_IRQHandler
                0x08001628                USB_LP_CAN1_RX0_IRQHandler
                0x08001628                USB_HP_CAN1_TX_IRQHandler
                0x08001628                DMA1_Channel3_IRQHandler
                0x08001628                TIM1_UP_IRQHandler
                0x08001628                WWDG_IRQHandler
                0x08001628                TIM2_IRQHandler
                0x08001628                TIM1_BRK_IRQHandler
                0x08001628                EXTI1_IRQHandler
                0x08001628                USART2_IRQHandler
                0x08001628                I2C2_ER_IRQHandler
                0x08001628                DMA1_Channel2_IRQHandler
                0x08001628                CAN1_SCE_IRQHandler
                0x08001628                FLASH_IRQHandler
                0x08001628                USART1_IRQHandler
                0x08001628                I2C1_ER_IRQHandler
                0x08001628                USBWakeUp_IRQHandler
 *fill*         0x0800162a        0x2 
 .text.HAL_Init
                0x0800162c       0x2c ./Drivers/STM32F1xx_HAL_Driver/Src/stm32f1xx_hal.o
                0x0800162c                HAL_Init
 .text.HAL_InitTick
                0x08001658       0x60 ./Drivers/STM32F1xx_HAL_Driver/Src/stm32f1xx_hal.o
                0x08001658                HAL_InitTick
 .text.HAL_IncTick
                0x080016b8       0x24 ./Drivers/STM32F1xx_HAL_Driver/Src/stm32f1xx_hal.o
                0x080016b8                HAL_IncTick
 .text.HAL_GetTick
                0x080016dc       0x14 ./Drivers/STM32F1xx_HAL_Driver/Src/stm32f1xx_hal.o
                0x080016dc                HAL_GetTick
 .text.HAL_Delay
                0x080016f0       0x48 ./Drivers/STM32F1xx_HAL_Driver/Src/stm32f1xx_hal.o
                0x080016f0                HAL_Delay
 .text.__NVIC_SetPriorityGrouping
                0x08001738       0x48 ./Drivers/STM32F1xx_HAL_Driver/Src/stm32f1xx_hal_cortex.o
 .text.__NVIC_GetPriorityGrouping
                0x08001780       0x1c ./Drivers/STM32F1xx_HAL_Driver/Src/stm32f1xx_hal_cortex.o
 .text.__NVIC_EnableIRQ
                0x0800179c       0x38 ./Drivers/STM32F1xx_HAL_Driver/Src/stm32f1xx_hal_cortex.o
 .text.__NVIC_SetPriority
                0x080017d4       0x54 ./Drivers/STM32F1xx_HAL_Driver/Src/stm32f1xx_hal_cortex.o
 .text.NVIC_EncodePriority
                0x08001828       0x64 ./Drivers/STM32F1xx_HAL_Driver/Src/stm32f1xx_hal_cortex.o
 .text.SysTick_Config
                0x0800188c       0x44 ./Drivers/STM32F1xx_HAL_Driver/Src/stm32f1xx_hal_cortex.o
 .text.HAL_NVIC_SetPriorityGrouping
                0x080018d0       0x16 ./Drivers/STM32F1xx_HAL_Driver/Src/stm32f1xx_hal_cortex.o
                0x080018d0                HAL_NVIC_SetPriorityGrouping
 .text.HAL_NVIC_SetPriority
                0x080018e6       0x38 ./Drivers/STM32F1xx_HAL_Driver/Src/stm32f1xx_hal_cortex.o
                0x080018e6                HAL_NVIC_SetPriority
 .text.HAL_NVIC_EnableIRQ
                0x0800191e       0x1c ./Drivers/STM32F1xx_HAL_Driver/Src/stm32f1xx_hal_cortex.o
                0x0800191e                HAL_NVIC_EnableIRQ
 .text.HAL_SYSTICK_Config
                0x0800193a       0x18 ./Drivers/STM32F1xx_HAL_Driver/Src/stm32f1xx_hal_cortex.o
                0x0800193a                HAL_SYSTICK_Config
 *fill*         0x08001952        0x2 
 .text.HAL_GPIO_Init
                0x08001954      0x308 ./Drivers/STM32F1xx_HAL_Driver/Src/stm32f1xx_hal_gpio.o
                0x08001954                HAL_GPIO_Init
 .text.HAL_GPIO_WritePin
                0x08001c5c       0x30 ./Drivers/STM32F1xx_HAL_Driver/Src/stm32f1xx_hal_gpio.o
                0x08001c5c                HAL_GPIO_WritePin
 .text.HAL_GPIO_EXTI_IRQHandler
                0x08001c8c       0x30 ./Drivers/STM32F1xx_HAL_Driver/Src/stm32f1xx_hal_gpio.o
                0x08001c8c                HAL_GPIO_EXTI_IRQHandler
 .text.HAL_GPIO_EXTI_Callback
                0x08001cbc       0x14 ./Drivers/STM32F1xx_HAL_Driver/Src/stm32f1xx_hal_gpio.o
                0x08001cbc                HAL_GPIO_EXTI_Callback
 .text.HAL_RCC_OscConfig
                0x08001cd0      0x504 ./Drivers/STM32F1xx_HAL_Driver/Src/stm32f1xx_hal_rcc.o
                0x08001cd0                HAL_RCC_OscConfig
 .text.HAL_RCC_ClockConfig
                0x080021d4      0x1d4 ./Drivers/STM32F1xx_HAL_Driver/Src/stm32f1xx_hal_rcc.o
                0x080021d4                HAL_RCC_ClockConfig
 .text.HAL_RCC_GetSysClockFreq
                0x080023a8       0xa8 ./Drivers/STM32F1xx_HAL_Driver/Src/stm32f1xx_hal_rcc.o
                0x080023a8                HAL_RCC_GetSysClockFreq
 .text.HAL_RCC_GetHCLKFreq
                0x08002450       0x14 ./Drivers/STM32F1xx_HAL_Driver/Src/stm32f1xx_hal_rcc.o
                0x08002450                HAL_RCC_GetHCLKFreq
 .text.HAL_RCC_GetPCLK1Freq
                0x08002464       0x28 ./Drivers/STM32F1xx_HAL_Driver/Src/stm32f1xx_hal_rcc.o
                0x08002464                HAL_RCC_GetPCLK1Freq
 .text.HAL_RCC_GetPCLK2Freq
                0x0800248c       0x28 ./Drivers/STM32F1xx_HAL_Driver/Src/stm32f1xx_hal_rcc.o
                0x0800248c                HAL_RCC_GetPCLK2Freq
 .text.RCC_Delay
                0x080024b4       0x3c ./Drivers/STM32F1xx_HAL_Driver/Src/stm32f1xx_hal_rcc.o
 .text.HAL_SPI_Init
                0x080024f0      0x108 ./Drivers/STM32F1xx_HAL_Driver/Src/stm32f1xx_hal_spi.o
                0x080024f0                HAL_SPI_Init
 .text.HAL_SPI_Transmit
                0x080025f8      0x288 ./Drivers/STM32F1xx_HAL_Driver/Src/stm32f1xx_hal_spi.o
                0x080025f8                HAL_SPI_Transmit
 .text.HAL_SPI_Receive
                0x08002880      0x232 ./Drivers/STM32F1xx_HAL_Driver/Src/stm32f1xx_hal_spi.o
                0x08002880                HAL_SPI_Receive
 .text.HAL_SPI_TransmitReceive
                0x08002ab2      0x352 ./Drivers/STM32F1xx_HAL_Driver/Src/stm32f1xx_hal_spi.o
                0x08002ab2                HAL_SPI_TransmitReceive
 .text.HAL_SPI_GetState
                0x08002e04       0x1a ./Drivers/STM32F1xx_HAL_Driver/Src/stm32f1xx_hal_spi.o
                0x08002e04                HAL_SPI_GetState
 *fill*         0x08002e1e        0x2 
 .text.SPI_WaitFlagStateUntilTimeout
                0x08002e20      0x110 ./Drivers/STM32F1xx_HAL_Driver/Src/stm32f1xx_hal_spi.o
 .text.SPI_EndRxTransaction
                0x08002f30       0xa4 ./Drivers/STM32F1xx_HAL_Driver/Src/stm32f1xx_hal_spi.o
 .text.SPI_EndRxTxTransaction
                0x08002fd4       0x62 ./Drivers/STM32F1xx_HAL_Driver/Src/stm32f1xx_hal_spi.o
 .text.HAL_UART_Init
                0x08003036       0xa0 ./Drivers/STM32F1xx_HAL_Driver/Src/stm32f1xx_hal_uart.o
                0x08003036                HAL_UART_Init
 *fill*         0x080030d6        0x2 
 .text.UART_SetConfig
                0x080030d8      0x11c ./Drivers/STM32F1xx_HAL_Driver/Src/stm32f1xx_hal_uart.o
 .text.memset   0x080031f4       0x10 C:/ST/STM32CubeIDE_1.17.0/STM32CubeIDE/plugins/com.st.stm32cube.ide.mcu.externaltools.gnu-tools-for-stm32.12.3.rel1.win32_1.1.0.202410251130/tools/bin/../lib/gcc/arm-none-eabi/12.3.1/../../../../arm-none-eabi/lib/thumb/v7-m/nofp\libc_nano.a(libc_a-memset.o)
                0x080031f4                memset
 .text.__libc_init_array
                0x08003204       0x48 C:/ST/STM32CubeIDE_1.17.0/STM32CubeIDE/plugins/com.st.stm32cube.ide.mcu.externaltools.gnu-tools-for-stm32.12.3.rel1.win32_1.1.0.202410251130/tools/bin/../lib/gcc/arm-none-eabi/12.3.1/../../../../arm-none-eabi/lib/thumb/v7-m/nofp\libc_nano.a(libc_a-init.o)
                0x08003204                __libc_init_array
 .text.memcpy   0x0800324c       0x1c C:/ST/STM32CubeIDE_1.17.0/STM32CubeIDE/plugins/com.st.stm32cube.ide.mcu.externaltools.gnu-tools-for-stm32.12.3.rel1.win32_1.1.0.202410251130/tools/bin/../lib/gcc/arm-none-eabi/12.3.1/../../../../arm-none-eabi/lib/thumb/v7-m/nofp\libc_nano.a(libc_a-memcpy-stub.o)
                0x0800324c                memcpy
 *(.glue_7)
 .glue_7        0x08003268        0x0 linker stubs
 *(.glue_7t)
 .glue_7t       0x08003268        0x0 linker stubs
 *(.eh_frame)
 .eh_frame      0x08003268        0x0 C:/ST/STM32CubeIDE_1.17.0/STM32CubeIDE/plugins/com.st.stm32cube.ide.mcu.externaltools.gnu-tools-for-stm32.12.3.rel1.win32_1.1.0.202410251130/tools/bin/../lib/gcc/arm-none-eabi/12.3.1/thumb/v7-m/nofp/crtbegin.o
 *(.init)
 .init          0x08003268        0x4 C:/ST/STM32CubeIDE_1.17.0/STM32CubeIDE/plugins/com.st.stm32cube.ide.mcu.externaltools.gnu-tools-for-stm32.12.3.rel1.win32_1.1.0.202410251130/tools/bin/../lib/gcc/arm-none-eabi/12.3.1/thumb/v7-m/nofp/crti.o
                0x08003268                _init
 .init          0x0800326c        0x8 C:/ST/STM32CubeIDE_1.17.0/STM32CubeIDE/plugins/com.st.stm32cube.ide.mcu.externaltools.gnu-tools-for-stm32.12.3.rel1.win32_1.1.0.202410251130/tools/bin/../lib/gcc/arm-none-eabi/12.3.1/thumb/v7-m/nofp/crtn.o
 *(.fini)
 .fini          0x08003274        0x4 C:/ST/STM32CubeIDE_1.17.0/STM32CubeIDE/plugins/com.st.stm32cube.ide.mcu.externaltools.gnu-tools-for-stm32.12.3.rel1.win32_1.1.0.202410251130/tools/bin/../lib/gcc/arm-none-eabi/12.3.1/thumb/v7-m/nofp/crti.o
                0x08003274                _fini
 .fini          0x08003278        0x8 C:/ST/STM32CubeIDE_1.17.0/STM32CubeIDE/plugins/com.st.stm32cube.ide.mcu.externaltools.gnu-tools-for-stm32.12.3.rel1.win32_1.1.0.202410251130/tools/bin/../lib/gcc/arm-none-eabi/12.3.1/thumb/v7-m/nofp/crtn.o
                0x08003280                        . = ALIGN (0x4)
                0x08003280                        _etext = .

.vfp11_veneer   0x08003280        0x0
 .vfp11_veneer  0x08003280        0x0 linker stubs

.v4_bx          0x08003280        0x0
 .v4_bx         0x08003280        0x0 linker stubs

.iplt           0x08003280        0x0
 .iplt          0x08003280        0x0 C:/ST/STM32CubeIDE_1.17.0/STM32CubeIDE/plugins/com.st.stm32cube.ide.mcu.externaltools.gnu-tools-for-stm32.12.3.rel1.win32_1.1.0.202410251130/tools/bin/../lib/gcc/arm-none-eabi/12.3.1/thumb/v7-m/nofp/crtbegin.o

.rodata         0x08003280       0x7c
                0x08003280                        . = ALIGN (0x4)
 *(.rodata)
 .rodata        0x08003280       0x50 ./Core/Src/LoRa.o
 *(.rodata*)
 .rodata.AHBPrescTable
                0x080032d0       0x10 ./Core/Src/system_stm32f1xx.o
                0x080032d0                AHBPrescTable
 .rodata.APBPrescTable
                0x080032e0        0x8 ./Core/Src/system_stm32f1xx.o
                0x080032e0                APBPrescTable
 .rodata.aPLLMULFactorTable.1
                0x080032e8       0x10 ./Drivers/STM32F1xx_HAL_Driver/Src/stm32f1xx_hal_rcc.o
 .rodata.aPredivFactorTable.0
                0x080032f8        0x2 ./Drivers/STM32F1xx_HAL_Driver/Src/stm32f1xx_hal_rcc.o
                0x080032fc                        . = ALIGN (0x4)
 *fill*         0x080032fa        0x2 

.ARM.extab      0x080032fc        0x0
                0x080032fc                        . = ALIGN (0x4)
 *(.ARM.extab* .gnu.linkonce.armextab.*)
                0x080032fc                        . = ALIGN (0x4)

.ARM            0x080032fc        0x0
                0x080032fc                        . = ALIGN (0x4)
                0x080032fc                        __exidx_start = .
 *(.ARM.exidx*)
                0x080032fc                        __exidx_end = .
                0x080032fc                        . = ALIGN (0x4)

.preinit_array  0x080032fc        0x0
                0x080032fc                        . = ALIGN (0x4)
                0x080032fc                        PROVIDE (__preinit_array_start = .)
 *(.preinit_array*)
                0x080032fc                        PROVIDE (__preinit_array_end = .)
                0x080032fc                        . = ALIGN (0x4)

.init_array     0x080032fc        0x4
                0x080032fc                        . = ALIGN (0x4)
                0x080032fc                        PROVIDE (__init_array_start = .)
 *(SORT_BY_NAME(.init_array.*))
 *(.init_array*)
 .init_array    0x080032fc        0x4 C:/ST/STM32CubeIDE_1.17.0/STM32CubeIDE/plugins/com.st.stm32cube.ide.mcu.externaltools.gnu-tools-for-stm32.12.3.rel1.win32_1.1.0.202410251130/tools/bin/../lib/gcc/arm-none-eabi/12.3.1/thumb/v7-m/nofp/crtbegin.o
                0x08003300                        PROVIDE (__init_array_end = .)
                0x08003300                        . = ALIGN (0x4)

.fini_array     0x08003300        0x4
                0x08003300                        . = ALIGN (0x4)
                [!provide]                        PROVIDE (__fini_array_start = .)
 *(SORT_BY_NAME(.fini_array.*))
 *(.fini_array*)
 .fini_array    0x08003300        0x4 C:/ST/STM32CubeIDE_1.17.0/STM32CubeIDE/plugins/com.st.stm32cube.ide.mcu.externaltools.gnu-tools-for-stm32.12.3.rel1.win32_1.1.0.202410251130/tools/bin/../lib/gcc/arm-none-eabi/12.3.1/thumb/v7-m/nofp/crtbegin.o
                [!provide]                        PROVIDE (__fini_array_end = .)
                0x08003304                        . = ALIGN (0x4)
                0x08003304                        _sidata = LOADADDR (.data)

.rel.dyn        0x08003304        0x0
 .rel.iplt      0x08003304        0x0 C:/ST/STM32CubeIDE_1.17.0/STM32CubeIDE/plugins/com.st.stm32cube.ide.mcu.externaltools.gnu-tools-for-stm32.12.3.rel1.win32_1.1.0.202410251130/tools/bin/../lib/gcc/arm-none-eabi/12.3.1/thumb/v7-m/nofp/crtbegin.o

.data           0x20000000        0xc load address 0x08003304
                0x20000000                        . = ALIGN (0x4)
                0x20000000                        _sdata = .
 *(.data)
 *(.data*)
 .data.SystemCoreClock
                0x20000000        0x4 ./Core/Src/system_stm32f1xx.o
                0x20000000                SystemCoreClock
 .data.uwTickPrio
                0x20000004        0x4 ./Drivers/STM32F1xx_HAL_Driver/Src/stm32f1xx_hal.o
                0x20000004                uwTickPrio
 .data.uwTickFreq
                0x20000008        0x1 ./Drivers/STM32F1xx_HAL_Driver/Src/stm32f1xx_hal.o
                0x20000008                uwTickFreq
 *(.RamFunc)
 *(.RamFunc*)
                0x2000000c                        . = ALIGN (0x4)
 *fill*         0x20000009        0x3 
                0x2000000c                        _edata = .

.igot.plt       0x2000000c        0x0 load address 0x08003310
 .igot.plt      0x2000000c        0x0 C:/ST/STM32CubeIDE_1.17.0/STM32CubeIDE/plugins/com.st.stm32cube.ide.mcu.externaltools.gnu-tools-for-stm32.12.3.rel1.win32_1.1.0.202410251130/tools/bin/../lib/gcc/arm-none-eabi/12.3.1/thumb/v7-m/nofp/crtbegin.o
                0x2000000c                        . = ALIGN (0x4)

.bss            0x2000000c       0xf0 load address 0x08003310
                0x2000000c                        _sbss = .
                0x2000000c                        __bss_start__ = _sbss
 *(.bss)
 .bss           0x2000000c       0x1c C:/ST/STM32CubeIDE_1.17.0/STM32CubeIDE/plugins/com.st.stm32cube.ide.mcu.externaltools.gnu-tools-for-stm32.12.3.rel1.win32_1.1.0.202410251130/tools/bin/../lib/gcc/arm-none-eabi/12.3.1/thumb/v7-m/nofp/crtbegin.o
 *(.bss*)
 .bss.myLoRa    0x20000028       0x2c ./Core/Src/main.o
                0x20000028                myLoRa
 .bss.LoRa_Status
                0x20000054        0x1 ./Core/Src/main.o
                0x20000054                LoRa_Status
 *fill*         0x20000055        0x3 
 .bss.hspi2     0x20000058       0x58 ./Core/Src/spi.o
                0x20000058                hspi2
 .bss.huart2    0x200000b0       0x48 ./Core/Src/usart.o
                0x200000b0                huart2
 .bss.uwTick    0x200000f8        0x4 ./Drivers/STM32F1xx_HAL_Driver/Src/stm32f1xx_hal.o
                0x200000f8                uwTick
 *(COMMON)
                0x200000fc                        . = ALIGN (0x4)
                0x200000fc                        _ebss = .
                0x200000fc                        __bss_end__ = _ebss

._user_heap_stack
                0x200000fc      0x604 load address 0x08003310
                0x20000100                        . = ALIGN (0x8)
 *fill*         0x200000fc        0x4 
                [!provide]                        PROVIDE (end = .)
                0x20000100                        PROVIDE (_end = .)
                0x20000300                        . = (. + _Min_Heap_Size)
 *fill*         0x20000100      0x200 
                0x20000700                        . = (. + _Min_Stack_Size)
 *fill*         0x20000300      0x400 
                0x20000700                        . = ALIGN (0x8)

/DISCARD/
 libc.a(*)
 libm.a(*)
 libgcc.a(*)

.ARM.attributes
                0x00000000       0x29
 *(.ARM.attributes)
 .ARM.attributes
                0x00000000       0x1d C:/ST/STM32CubeIDE_1.17.0/STM32CubeIDE/plugins/com.st.stm32cube.ide.mcu.externaltools.gnu-tools-for-stm32.12.3.rel1.win32_1.1.0.202410251130/tools/bin/../lib/gcc/arm-none-eabi/12.3.1/thumb/v7-m/nofp/crti.o
 .ARM.attributes
                0x0000001d       0x2d C:/ST/STM32CubeIDE_1.17.0/STM32CubeIDE/plugins/com.st.stm32cube.ide.mcu.externaltools.gnu-tools-for-stm32.12.3.rel1.win32_1.1.0.202410251130/tools/bin/../lib/gcc/arm-none-eabi/12.3.1/thumb/v7-m/nofp/crtbegin.o
 .ARM.attributes
                0x0000004a       0x2d ./Core/Src/LoRa.o
 .ARM.attributes
                0x00000077       0x2d ./Core/Src/gpio.o
 .ARM.attributes
                0x000000a4       0x2d ./Core/Src/main.o
 .ARM.attributes
                0x000000d1       0x2d ./Core/Src/spi.o
 .ARM.attributes
                0x000000fe       0x2d ./Core/Src/stm32f1xx_hal_msp.o
 .ARM.attributes
                0x0000012b       0x2d ./Core/Src/stm32f1xx_it.o
 .ARM.attributes
                0x00000158       0x2d ./Core/Src/system_stm32f1xx.o
 .ARM.attributes
                0x00000185       0x2d ./Core/Src/usart.o
 .ARM.attributes
                0x000001b2       0x21 ./Core/Startup/startup_stm32f103rbtx.o
 .ARM.attributes
                0x000001d3       0x2d ./Drivers/STM32F1xx_HAL_Driver/Src/stm32f1xx_hal.o
 .ARM.attributes
                0x00000200       0x2d ./Drivers/STM32F1xx_HAL_Driver/Src/stm32f1xx_hal_cortex.o
 .ARM.attributes
                0x0000022d       0x2d ./Drivers/STM32F1xx_HAL_Driver/Src/stm32f1xx_hal_gpio.o
 .ARM.attributes
                0x0000025a       0x2d ./Drivers/STM32F1xx_HAL_Driver/Src/stm32f1xx_hal_rcc.o
 .ARM.attributes
                0x00000287       0x2d ./Drivers/STM32F1xx_HAL_Driver/Src/stm32f1xx_hal_spi.o
 .ARM.attributes
                0x000002b4       0x2d ./Drivers/STM32F1xx_HAL_Driver/Src/stm32f1xx_hal_uart.o
 .ARM.attributes
                0x000002e1       0x2d C:/ST/STM32CubeIDE_1.17.0/STM32CubeIDE/plugins/com.st.stm32cube.ide.mcu.externaltools.gnu-tools-for-stm32.12.3.rel1.win32_1.1.0.202410251130/tools/bin/../lib/gcc/arm-none-eabi/12.3.1/../../../../arm-none-eabi/lib/thumb/v7-m/nofp\libc_nano.a(libc_a-memset.o)
 .ARM.attributes
                0x0000030e       0x2d C:/ST/STM32CubeIDE_1.17.0/STM32CubeIDE/plugins/com.st.stm32cube.ide.mcu.externaltools.gnu-tools-for-stm32.12.3.rel1.win32_1.1.0.202410251130/tools/bin/../lib/gcc/arm-none-eabi/12.3.1/../../../../arm-none-eabi/lib/thumb/v7-m/nofp\libc_nano.a(libc_a-init.o)
 .ARM.attributes
                0x0000033b       0x2d C:/ST/STM32CubeIDE_1.17.0/STM32CubeIDE/plugins/com.st.stm32cube.ide.mcu.externaltools.gnu-tools-for-stm32.12.3.rel1.win32_1.1.0.202410251130/tools/bin/../lib/gcc/arm-none-eabi/12.3.1/../../../../arm-none-eabi/lib/thumb/v7-m/nofp\libc_nano.a(libc_a-memcpy-stub.o)
 .ARM.attributes
                0x00000368       0x1d C:/ST/STM32CubeIDE_1.17.0/STM32CubeIDE/plugins/com.st.stm32cube.ide.mcu.externaltools.gnu-tools-for-stm32.12.3.rel1.win32_1.1.0.202410251130/tools/bin/../lib/gcc/arm-none-eabi/12.3.1/thumb/v7-m/nofp\libgcc.a(_arm_addsubdf3.o)
 .ARM.attributes
                0x00000385       0x1d C:/ST/STM32CubeIDE_1.17.0/STM32CubeIDE/plugins/com.st.stm32cube.ide.mcu.externaltools.gnu-tools-for-stm32.12.3.rel1.win32_1.1.0.202410251130/tools/bin/../lib/gcc/arm-none-eabi/12.3.1/thumb/v7-m/nofp\libgcc.a(_arm_muldivdf3.o)
 .ARM.attributes
                0x000003a2       0x1d C:/ST/STM32CubeIDE_1.17.0/STM32CubeIDE/plugins/com.st.stm32cube.ide.mcu.externaltools.gnu-tools-for-stm32.12.3.rel1.win32_1.1.0.202410251130/tools/bin/../lib/gcc/arm-none-eabi/12.3.1/thumb/v7-m/nofp\libgcc.a(_arm_fixdfsi.o)
 .ARM.attributes
                0x000003bf       0x1d C:/ST/STM32CubeIDE_1.17.0/STM32CubeIDE/plugins/com.st.stm32cube.ide.mcu.externaltools.gnu-tools-for-stm32.12.3.rel1.win32_1.1.0.202410251130/tools/bin/../lib/gcc/arm-none-eabi/12.3.1/thumb/v7-m/nofp/crtn.o
OUTPUT(STM32F103RB_Lora_SX1278.elf elf32-littlearm)
LOAD linker stubs
LOAD C:/ST/STM32CubeIDE_1.17.0/STM32CubeIDE/plugins/com.st.stm32cube.ide.mcu.externaltools.gnu-tools-for-stm32.12.3.rel1.win32_1.1.0.202410251130/tools/bin/../lib/gcc/arm-none-eabi/12.3.1/../../../../arm-none-eabi/lib/thumb/v7-m/nofp\libc.a
LOAD C:/ST/STM32CubeIDE_1.17.0/STM32CubeIDE/plugins/com.st.stm32cube.ide.mcu.externaltools.gnu-tools-for-stm32.12.3.rel1.win32_1.1.0.202410251130/tools/bin/../lib/gcc/arm-none-eabi/12.3.1/../../../../arm-none-eabi/lib/thumb/v7-m/nofp\libm.a
LOAD C:/ST/STM32CubeIDE_1.17.0/STM32CubeIDE/plugins/com.st.stm32cube.ide.mcu.externaltools.gnu-tools-for-stm32.12.3.rel1.win32_1.1.0.202410251130/tools/bin/../lib/gcc/arm-none-eabi/12.3.1/thumb/v7-m/nofp\libgcc.a

.debug_info     0x00000000     0x92aa
 .debug_info    0x00000000      0xdf3 ./Core/Src/LoRa.o
 .debug_info    0x00000df3      0x44e ./Core/Src/gpio.o
 .debug_info    0x00001241      0x962 ./Core/Src/main.o
 .debug_info    0x00001ba3      0x7bc ./Core/Src/spi.o
 .debug_info    0x0000235f      0x1f1 ./Core/Src/stm32f1xx_hal_msp.o
 .debug_info    0x00002550      0x14b ./Core/Src/stm32f1xx_it.o
 .debug_info    0x0000269b      0x222 ./Core/Src/system_stm32f1xx.o
 .debug_info    0x000028bd      0x798 ./Core/Src/usart.o
 .debug_info    0x00003055       0x30 ./Core/Startup/startup_stm32f103rbtx.o
 .debug_info    0x00003085      0x704 ./Drivers/STM32F1xx_HAL_Driver/Src/stm32f1xx_hal.o
 .debug_info    0x00003789      0xa87 ./Drivers/STM32F1xx_HAL_Driver/Src/stm32f1xx_hal_cortex.o
 .debug_info    0x00004210      0x5ab ./Drivers/STM32F1xx_HAL_Driver/Src/stm32f1xx_hal_gpio.o
 .debug_info    0x000047bb      0x7d5 ./Drivers/STM32F1xx_HAL_Driver/Src/stm32f1xx_hal_rcc.o
 .debug_info    0x00004f90     0x142d ./Drivers/STM32F1xx_HAL_Driver/Src/stm32f1xx_hal_spi.o
 .debug_info    0x000063bd     0x2eed ./Drivers/STM32F1xx_HAL_Driver/Src/stm32f1xx_hal_uart.o

.debug_abbrev   0x00000000     0x1bd6
 .debug_abbrev  0x00000000      0x28a ./Core/Src/LoRa.o
 .debug_abbrev  0x0000028a      0x161 ./Core/Src/gpio.o
 .debug_abbrev  0x000003eb      0x258 ./Core/Src/main.o
 .debug_abbrev  0x00000643      0x1e7 ./Core/Src/spi.o
 .debug_abbrev  0x0000082a       0xdb ./Core/Src/stm32f1xx_hal_msp.o
 .debug_abbrev  0x00000905       0xa0 ./Core/Src/stm32f1xx_it.o
 .debug_abbrev  0x000009a5      0x13f ./Core/Src/system_stm32f1xx.o
 .debug_abbrev  0x00000ae4      0x1e6 ./Core/Src/usart.o
 .debug_abbrev  0x00000cca       0x24 ./Core/Startup/startup_stm32f103rbtx.o
 .debug_abbrev  0x00000cee      0x201 ./Drivers/STM32F1xx_HAL_Driver/Src/stm32f1xx_hal.o
 .debug_abbrev  0x00000eef      0x2f8 ./Drivers/STM32F1xx_HAL_Driver/Src/stm32f1xx_hal_cortex.o
 .debug_abbrev  0x000011e7      0x1ca ./Drivers/STM32F1xx_HAL_Driver/Src/stm32f1xx_hal_gpio.o
 .debug_abbrev  0x000013b1      0x2b3 ./Drivers/STM32F1xx_HAL_Driver/Src/stm32f1xx_hal_rcc.o
 .debug_abbrev  0x00001664      0x27a ./Drivers/STM32F1xx_HAL_Driver/Src/stm32f1xx_hal_spi.o
 .debug_abbrev  0x000018de      0x2f8 ./Drivers/STM32F1xx_HAL_Driver/Src/stm32f1xx_hal_uart.o

.debug_aranges  0x00000000      0x8f0
 .debug_aranges
                0x00000000       0xc8 ./Core/Src/LoRa.o
 .debug_aranges
                0x000000c8       0x20 ./Core/Src/gpio.o
 .debug_aranges
                0x000000e8       0x30 ./Core/Src/main.o
 .debug_aranges
                0x00000118       0x30 ./Core/Src/spi.o
 .debug_aranges
                0x00000148       0x20 ./Core/Src/stm32f1xx_hal_msp.o
 .debug_aranges
                0x00000168       0x68 ./Core/Src/stm32f1xx_it.o
 .debug_aranges
                0x000001d0       0x28 ./Core/Src/system_stm32f1xx.o
 .debug_aranges
                0x000001f8       0x30 ./Core/Src/usart.o
 .debug_aranges
                0x00000228       0x28 ./Core/Startup/startup_stm32f103rbtx.o
 .debug_aranges
                0x00000250       0xe0 ./Drivers/STM32F1xx_HAL_Driver/Src/stm32f1xx_hal.o
 .debug_aranges
                0x00000330      0x100 ./Drivers/STM32F1xx_HAL_Driver/Src/stm32f1xx_hal_cortex.o
 .debug_aranges
                0x00000430       0x58 ./Drivers/STM32F1xx_HAL_Driver/Src/stm32f1xx_hal_gpio.o
 .debug_aranges
                0x00000488       0x90 ./Drivers/STM32F1xx_HAL_Driver/Src/stm32f1xx_hal_rcc.o
 .debug_aranges
                0x00000518      0x1d0 ./Drivers/STM32F1xx_HAL_Driver/Src/stm32f1xx_hal_spi.o
 .debug_aranges
                0x000006e8      0x208 ./Drivers/STM32F1xx_HAL_Driver/Src/stm32f1xx_hal_uart.o

.debug_rnglists
                0x00000000      0x6cc
 .debug_rnglists
                0x00000000       0x96 ./Core/Src/LoRa.o
 .debug_rnglists
                0x00000096       0x14 ./Core/Src/gpio.o
 .debug_rnglists
                0x000000aa       0x21 ./Core/Src/main.o
 .debug_rnglists
                0x000000cb       0x20 ./Core/Src/spi.o
 .debug_rnglists
                0x000000eb       0x13 ./Core/Src/stm32f1xx_hal_msp.o
 .debug_rnglists
                0x000000fe       0x49 ./Core/Src/stm32f1xx_it.o
 .debug_rnglists
                0x00000147       0x1a ./Core/Src/system_stm32f1xx.o
 .debug_rnglists
                0x00000161       0x1f ./Core/Src/usart.o
 .debug_rnglists
                0x00000180       0x19 ./Core/Startup/startup_stm32f103rbtx.o
 .debug_rnglists
                0x00000199       0xa3 ./Drivers/STM32F1xx_HAL_Driver/Src/stm32f1xx_hal.o
 .debug_rnglists
                0x0000023c       0xbb ./Drivers/STM32F1xx_HAL_Driver/Src/stm32f1xx_hal_cortex.o
 .debug_rnglists
                0x000002f7       0x3f ./Drivers/STM32F1xx_HAL_Driver/Src/stm32f1xx_hal_gpio.o
 .debug_rnglists
                0x00000336       0x6c ./Drivers/STM32F1xx_HAL_Driver/Src/stm32f1xx_hal_rcc.o
 .debug_rnglists
                0x000003a2      0x16e ./Drivers/STM32F1xx_HAL_Driver/Src/stm32f1xx_hal_spi.o
 .debug_rnglists
                0x00000510      0x1bc ./Drivers/STM32F1xx_HAL_Driver/Src/stm32f1xx_hal_uart.o

.debug_macro    0x00000000    0x174c8
 .debug_macro   0x00000000      0x1b0 ./Core/Src/LoRa.o
 .debug_macro   0x000001b0      0xaa8 ./Core/Src/LoRa.o
 .debug_macro   0x00000c58      0x21b ./Core/Src/LoRa.o
 .debug_macro   0x00000e73       0x2e ./Core/Src/LoRa.o
 .debug_macro   0x00000ea1       0x22 ./Core/Src/LoRa.o
 .debug_macro   0x00000ec3       0x22 ./Core/Src/LoRa.o
 .debug_macro   0x00000ee5       0x8e ./Core/Src/LoRa.o
 .debug_macro   0x00000f73       0x51 ./Core/Src/LoRa.o
 .debug_macro   0x00000fc4      0x103 ./Core/Src/LoRa.o
 .debug_macro   0x000010c7       0x6a ./Core/Src/LoRa.o
 .debug_macro   0x00001131      0x1df ./Core/Src/LoRa.o
 .debug_macro   0x00001310       0x1c ./Core/Src/LoRa.o
 .debug_macro   0x0000132c       0x22 ./Core/Src/LoRa.o
 .debug_macro   0x0000134e       0xbd ./Core/Src/LoRa.o
 .debug_macro   0x0000140b      0xd23 ./Core/Src/LoRa.o
 .debug_macro   0x0000212e     0xe09e ./Core/Src/LoRa.o
 .debug_macro   0x000101cc       0x6d ./Core/Src/LoRa.o
 .debug_macro   0x00010239     0x34a2 ./Core/Src/LoRa.o
 .debug_macro   0x000136db      0x189 ./Core/Src/LoRa.o
 .debug_macro   0x00013864       0x5c ./Core/Src/LoRa.o
 .debug_macro   0x000138c0      0x5bc ./Core/Src/LoRa.o
 .debug_macro   0x00013e7c      0x289 ./Core/Src/LoRa.o
 .debug_macro   0x00014105      0x1cb ./Core/Src/LoRa.o
 .debug_macro   0x000142d0      0x114 ./Core/Src/LoRa.o
 .debug_macro   0x000143e4      0x1b2 ./Core/Src/LoRa.o
 .debug_macro   0x00014596       0x27 ./Core/Src/LoRa.o
 .debug_macro   0x000145bd      0x136 ./Core/Src/LoRa.o
 .debug_macro   0x000146f3      0x1bc ./Core/Src/LoRa.o
 .debug_macro   0x000148af       0x34 ./Core/Src/LoRa.o
 .debug_macro   0x000148e3       0x3c ./Core/Src/LoRa.o
 .debug_macro   0x0001491f       0x57 ./Core/Src/LoRa.o
 .debug_macro   0x00014976       0x87 ./Core/Src/LoRa.o
 .debug_macro   0x000149fd      0x240 ./Core/Src/LoRa.o
 .debug_macro   0x00014c3d      0x140 ./Core/Src/LoRa.o
 .debug_macro   0x00014d7d      0x217 ./Core/Src/LoRa.o
 .debug_macro   0x00014f94      0x28e ./Core/Src/LoRa.o
 .debug_macro   0x00015222       0x83 ./Core/Src/LoRa.o
 .debug_macro   0x000152a5       0x82 ./Core/Src/LoRa.o
 .debug_macro   0x00015327      0x172 ./Core/Src/LoRa.o
 .debug_macro   0x00015499      0x1b1 ./Core/Src/gpio.o
 .debug_macro   0x0001564a      0x2aa ./Core/Src/main.o
 .debug_macro   0x000158f4       0x61 ./Core/Src/main.o
 .debug_macro   0x00015955       0x24 ./Core/Src/main.o
 .debug_macro   0x00015979       0x43 ./Core/Src/main.o
 .debug_macro   0x000159bc       0x34 ./Core/Src/main.o
 .debug_macro   0x000159f0       0x16 ./Core/Src/main.o
 .debug_macro   0x00015a06       0x35 ./Core/Src/main.o
 .debug_macro   0x00015a3b      0x369 ./Core/Src/main.o
 .debug_macro   0x00015da4       0x10 ./Core/Src/main.o
 .debug_macro   0x00015db4       0x16 ./Core/Src/main.o
 .debug_macro   0x00015dca       0x43 ./Core/Src/main.o
 .debug_macro   0x00015e0d       0x34 ./Core/Src/main.o
 .debug_macro   0x00015e41       0x10 ./Core/Src/main.o
 .debug_macro   0x00015e51       0x58 ./Core/Src/main.o
 .debug_macro   0x00015ea9       0x8e ./Core/Src/main.o
 .debug_macro   0x00015f37       0x1c ./Core/Src/main.o
 .debug_macro   0x00015f53      0x177 ./Core/Src/main.o
 .debug_macro   0x000160ca       0x16 ./Core/Src/main.o
 .debug_macro   0x000160e0       0x16 ./Core/Src/main.o
 .debug_macro   0x000160f6      0x146 ./Core/Src/main.o
 .debug_macro   0x0001623c      0x1b1 ./Core/Src/spi.o
 .debug_macro   0x000163ed      0x1a7 ./Core/Src/stm32f1xx_hal_msp.o
 .debug_macro   0x00016594      0x1b1 ./Core/Src/stm32f1xx_it.o
 .debug_macro   0x00016745      0x198 ./Core/Src/system_stm32f1xx.o
 .debug_macro   0x000168dd      0x1b1 ./Core/Src/usart.o
 .debug_macro   0x00016a8e      0x1bc ./Drivers/STM32F1xx_HAL_Driver/Src/stm32f1xx_hal.o
 .debug_macro   0x00016c4a      0x198 ./Drivers/STM32F1xx_HAL_Driver/Src/stm32f1xx_hal_cortex.o
 .debug_macro   0x00016de2      0x203 ./Drivers/STM32F1xx_HAL_Driver/Src/stm32f1xx_hal_gpio.o
 .debug_macro   0x00016fe5      0x1aa ./Drivers/STM32F1xx_HAL_Driver/Src/stm32f1xx_hal_rcc.o
 .debug_macro   0x0001718f      0x1a0 ./Drivers/STM32F1xx_HAL_Driver/Src/stm32f1xx_hal_spi.o
 .debug_macro   0x0001732f      0x199 ./Drivers/STM32F1xx_HAL_Driver/Src/stm32f1xx_hal_uart.o

.debug_line     0x00000000     0xb282
 .debug_line    0x00000000      0xb78 ./Core/Src/LoRa.o
 .debug_line    0x00000b78      0x716 ./Core/Src/gpio.o
 .debug_line    0x0000128e      0x8f4 ./Core/Src/main.o
 .debug_line    0x00001b82      0x75a ./Core/Src/spi.o
 .debug_line    0x000022dc      0x6e3 ./Core/Src/stm32f1xx_hal_msp.o
 .debug_line    0x000029bf      0x7bd ./Core/Src/stm32f1xx_it.o
 .debug_line    0x0000317c      0x761 ./Core/Src/system_stm32f1xx.o
 .debug_line    0x000038dd      0x748 ./Core/Src/usart.o
 .debug_line    0x00004025       0x78 ./Core/Startup/startup_stm32f103rbtx.o
 .debug_line    0x0000409d      0x98e ./Drivers/STM32F1xx_HAL_Driver/Src/stm32f1xx_hal.o
 .debug_line    0x00004a2b      0xb7a ./Drivers/STM32F1xx_HAL_Driver/Src/stm32f1xx_hal_cortex.o
 .debug_line    0x000055a5      0xa27 ./Drivers/STM32F1xx_HAL_Driver/Src/stm32f1xx_hal_gpio.o
 .debug_line    0x00005fcc      0xd97 ./Drivers/STM32F1xx_HAL_Driver/Src/stm32f1xx_hal_rcc.o
 .debug_line    0x00006d63     0x1cb2 ./Drivers/STM32F1xx_HAL_Driver/Src/stm32f1xx_hal_spi.o
 .debug_line    0x00008a15     0x286d ./Drivers/STM32F1xx_HAL_Driver/Src/stm32f1xx_hal_uart.o

.debug_str      0x00000000    0x83d14
 .debug_str     0x00000000    0x7e65c ./Core/Src/LoRa.o
                              0x7ea32 (size before relaxing)
 .debug_str     0x0007e65c      0x32e ./Core/Src/gpio.o
                              0x7e34f (size before relaxing)
 .debug_str     0x0007e98a     0x38c2 ./Core/Src/main.o
                              0x820ba (size before relaxing)
 .debug_str     0x0008224c       0x5b ./Core/Src/spi.o
                              0x7e459 (size before relaxing)
 .debug_str     0x000822a7       0x5a ./Core/Src/stm32f1xx_hal_msp.o
                              0x7dfd0 (size before relaxing)
 .debug_str     0x00082301       0xf7 ./Core/Src/stm32f1xx_it.o
                              0x7e027 (size before relaxing)
 .debug_str     0x000823f8       0x7e ./Core/Src/system_stm32f1xx.o
                              0x7de40 (size before relaxing)
 .debug_str     0x00082476      0x1e4 ./Core/Src/usart.o
                              0x7e490 (size before relaxing)
 .debug_str     0x0008265a       0x44 ./Core/Startup/startup_stm32f103rbtx.o
                                 0xb2 (size before relaxing)
 .debug_str     0x0008269e      0x37a ./Drivers/STM32F1xx_HAL_Driver/Src/stm32f1xx_hal.o
                              0x7e573 (size before relaxing)
 .debug_str     0x00082a18      0x2a8 ./Drivers/STM32F1xx_HAL_Driver/Src/stm32f1xx_hal_cortex.o
                              0x7e4bf (size before relaxing)
 .debug_str     0x00082cc0      0x2cd ./Drivers/STM32F1xx_HAL_Driver/Src/stm32f1xx_hal_gpio.o
                              0x7e1c6 (size before relaxing)
 .debug_str     0x00082f8d      0x229 ./Drivers/STM32F1xx_HAL_Driver/Src/stm32f1xx_hal_rcc.o
                              0x7e26f (size before relaxing)
 .debug_str     0x000831b6      0x53e ./Drivers/STM32F1xx_HAL_Driver/Src/stm32f1xx_hal_spi.o
                              0x7e766 (size before relaxing)
 .debug_str     0x000836f4      0x620 ./Drivers/STM32F1xx_HAL_Driver/Src/stm32f1xx_hal_uart.o
                              0x7e8e0 (size before relaxing)

.comment        0x00000000       0x43
 .comment       0x00000000       0x43 ./Core/Src/LoRa.o
                                 0x44 (size before relaxing)
 .comment       0x00000043       0x44 ./Core/Src/gpio.o
 .comment       0x00000043       0x44 ./Core/Src/main.o
 .comment       0x00000043       0x44 ./Core/Src/spi.o
 .comment       0x00000043       0x44 ./Core/Src/stm32f1xx_hal_msp.o
 .comment       0x00000043       0x44 ./Core/Src/stm32f1xx_it.o
 .comment       0x00000043       0x44 ./Core/Src/system_stm32f1xx.o
 .comment       0x00000043       0x44 ./Core/Src/usart.o
 .comment       0x00000043       0x44 ./Drivers/STM32F1xx_HAL_Driver/Src/stm32f1xx_hal.o
 .comment       0x00000043       0x44 ./Drivers/STM32F1xx_HAL_Driver/Src/stm32f1xx_hal_cortex.o
 .comment       0x00000043       0x44 ./Drivers/STM32F1xx_HAL_Driver/Src/stm32f1xx_hal_gpio.o
 .comment       0x00000043       0x44 ./Drivers/STM32F1xx_HAL_Driver/Src/stm32f1xx_hal_rcc.o
 .comment       0x00000043       0x44 ./Drivers/STM32F1xx_HAL_Driver/Src/stm32f1xx_hal_spi.o
 .comment       0x00000043       0x44 ./Drivers/STM32F1xx_HAL_Driver/Src/stm32f1xx_hal_uart.o

.debug_frame    0x00000000     0x2430
 .debug_frame   0x00000000      0x338 ./Core/Src/LoRa.o
 .debug_frame   0x00000338       0x34 ./Core/Src/gpio.o
 .debug_frame   0x0000036c       0x70 ./Core/Src/main.o
 .debug_frame   0x000003dc       0x74 ./Core/Src/spi.o
 .debug_frame   0x00000450       0x38 ./Core/Src/stm32f1xx_hal_msp.o
 .debug_frame   0x00000488      0x120 ./Core/Src/stm32f1xx_it.o
 .debug_frame   0x000005a8       0x58 ./Core/Src/system_stm32f1xx.o
 .debug_frame   0x00000600       0x74 ./Core/Src/usart.o
 .debug_frame   0x00000674      0x334 ./Drivers/STM32F1xx_HAL_Driver/Src/stm32f1xx_hal.o
 .debug_frame   0x000009a8      0x428 ./Drivers/STM32F1xx_HAL_Driver/Src/stm32f1xx_hal_cortex.o
 .debug_frame   0x00000dd0      0x14c ./Drivers/STM32F1xx_HAL_Driver/Src/stm32f1xx_hal_gpio.o
 .debug_frame   0x00000f1c      0x218 ./Drivers/STM32F1xx_HAL_Driver/Src/stm32f1xx_hal_rcc.o
 .debug_frame   0x00001134      0x824 ./Drivers/STM32F1xx_HAL_Driver/Src/stm32f1xx_hal_spi.o
 .debug_frame   0x00001958      0x944 ./Drivers/STM32F1xx_HAL_Driver/Src/stm32f1xx_hal_uart.o
 .debug_frame   0x0000229c       0x20 C:/ST/STM32CubeIDE_1.17.0/STM32CubeIDE/plugins/com.st.stm32cube.ide.mcu.externaltools.gnu-tools-for-stm32.12.3.rel1.win32_1.1.0.202410251130/tools/bin/../lib/gcc/arm-none-eabi/12.3.1/../../../../arm-none-eabi/lib/thumb/v7-m/nofp\libc_nano.a(libc_a-memset.o)
 .debug_frame   0x000022bc       0x2c C:/ST/STM32CubeIDE_1.17.0/STM32CubeIDE/plugins/com.st.stm32cube.ide.mcu.externaltools.gnu-tools-for-stm32.12.3.rel1.win32_1.1.0.202410251130/tools/bin/../lib/gcc/arm-none-eabi/12.3.1/../../../../arm-none-eabi/lib/thumb/v7-m/nofp\libc_nano.a(libc_a-init.o)
 .debug_frame   0x000022e8       0x28 C:/ST/STM32CubeIDE_1.17.0/STM32CubeIDE/plugins/com.st.stm32cube.ide.mcu.externaltools.gnu-tools-for-stm32.12.3.rel1.win32_1.1.0.202410251130/tools/bin/../lib/gcc/arm-none-eabi/12.3.1/../../../../arm-none-eabi/lib/thumb/v7-m/nofp\libc_nano.a(libc_a-memcpy-stub.o)
 .debug_frame   0x00002310       0xac C:/ST/STM32CubeIDE_1.17.0/STM32CubeIDE/plugins/com.st.stm32cube.ide.mcu.externaltools.gnu-tools-for-stm32.12.3.rel1.win32_1.1.0.202410251130/tools/bin/../lib/gcc/arm-none-eabi/12.3.1/thumb/v7-m/nofp\libgcc.a(_arm_addsubdf3.o)
 .debug_frame   0x000023bc       0x50 C:/ST/STM32CubeIDE_1.17.0/STM32CubeIDE/plugins/com.st.stm32cube.ide.mcu.externaltools.gnu-tools-for-stm32.12.3.rel1.win32_1.1.0.202410251130/tools/bin/../lib/gcc/arm-none-eabi/12.3.1/thumb/v7-m/nofp\libgcc.a(_arm_muldivdf3.o)
 .debug_frame   0x0000240c       0x24 C:/ST/STM32CubeIDE_1.17.0/STM32CubeIDE/plugins/com.st.stm32cube.ide.mcu.externaltools.gnu-tools-for-stm32.12.3.rel1.win32_1.1.0.202410251130/tools/bin/../lib/gcc/arm-none-eabi/12.3.1/thumb/v7-m/nofp\libgcc.a(_arm_fixdfsi.o)

.debug_line_str
                0x00000000       0x96
 .debug_line_str
                0x00000000       0x96 ./Core/Startup/startup_stm32f103rbtx.o
