../Src/main.c:21:6:clock_init	4	static
../Src/main.c:53:6:TIM2_init_us	4	static
../Src/main.c:63:6:delay_us	16	static
../Src/main.c:68:6:delay_ms	24	static
../Src/main.c:74:6:Systick_delay_ms	24	static
../Src/main.c:103:6:DHT_GPIO_init_MCU_Start	4	static
../Src/main.c:112:6:DHT_GPIO_init_DHT_Start	4	static
../Src/main.c:121:6:DHT11_Init	8	static
../Src/main.c:130:9:DHT11_Read_bit	4	static
../Src/main.c:134:9:DHT11_Response_check	8	static
../Src/main.c:146:9:DHT11_Read_Byte	16	static
../Src/main.c:171:6:GET_DHT11_Data	24	static
../Src/main.c:207:5:main	16	static
