22:36:09 **** Incremental Build of configuration Debug for project STM32F103RB_Lora_SX1278 ****
make -j12 all 
arm-none-eabi-size  STM32F103RB_Lora_SX1278.elf 
   text	   data	    bss	    dec	    hex	filename
  13036	     12	   1780	  14828	   39ec	STM32F103RB_Lora_SX1278.elf
Finished building: default.size.stdout
 
22:36:31 **** Incremental Build of configuration Debug for project STM32F103RB_Lora_SX1278 ****
make -j12 all 
arm-none-eabi-size  STM32F103RB_Lora_SX1278.elf 
   text	   data	    bss	    dec	    hex	filename
  13036	     12	   1780	  14828	   39ec	STM32F103RB_Lora_SX1278.elf
Finished building: default.size.stdout
 
22:36:51 **** Incremental Build of configuration Debug for project STM32F103RB_Lora_SX1278 ****
make -j12 all 
arm-none-eabi-size  STM32F103RB_Lora_SX1278.elf 
   text	   data	    bss	    dec	    hex	filename
  13036	     12	   1780	  14828	   39ec	STM32F103RB_Lora_SX1278.elf
Finished building: default.size.stdout
 
23:01:16 **** Incremental Build of configuration Debug for project STM32F103RB_Lora_SX1278 ****
make -j12 all 
arm-none-eabi-size  STM32F103RB_Lora_SX1278.elf 
   text	   data	    bss	    dec	    hex	filename
  13036	     12	   1780	  14828	   39ec	STM32F103RB_Lora_SX1278.elf
Finished building: default.size.stdout
 
23:17:18 **** Incremental Build of configuration Debug for project STM32F103RB_Lora_SX1278 ****
make -j12 all 
arm-none-eabi-gcc "../Core/Src/main.c" -mcpu=cortex-m3 -std=gnu11 -g3 -DDEBUG -DUSE_HAL_DRIVER -DSTM32F103xB -c -I../Core/Inc -I../Drivers/STM32F1xx_HAL_Driver/Inc -I../Drivers/STM32F1xx_HAL_Driver/Inc/Legacy -I../Drivers/CMSIS/Device/ST/STM32F1xx/Include -I../Drivers/CMSIS/Include -O0 -ffunction-sections -fdata-sections -Wall -fstack-usage -fcyclomatic-complexity -MMD -MP -MF"Core/Src/main.d" -MT"Core/Src/main.o" --specs=nano.specs -mfloat-abi=soft -mthumb -o "Core/Src/main.o"
In file included from ../Core/Src/main.c:27:
../Core/Src/LoRa.h:1:1: warning: multi-line comment [-Wcomment]
    1 | // -------------------------------------------------- \\
      | ^
arm-none-eabi-gcc -o "STM32F103RB_Lora_SX1278.elf" @"objects.list"   -mcpu=cortex-m3 -T"C:\Users\prath\OneDrive\Desktop\MINI PROJECT\Sem 5 Project\Week_8\Day_15\Target\STM32F103RB_Lora_SX1278\STM32F103RBTX_FLASH.ld" --specs=nosys.specs -Wl,-Map="STM32F103RB_Lora_SX1278.map" -Wl,--gc-sections -static --specs=nano.specs -mfloat-abi=soft -mthumb -Wl,--start-group -lc -lm -Wl,--end-group
Finished building target: STM32F103RB_Lora_SX1278.elf
 
arm-none-eabi-size  STM32F103RB_Lora_SX1278.elf 
arm-none-eabi-objdump -h -S STM32F103RB_Lora_SX1278.elf  > "STM32F103RB_Lora_SX1278.list"
   text	   data	    bss	    dec	    hex	filename
  13036	     12	   1780	  14828	   39ec	STM32F103RB_Lora_SX1278.elf
Finished building: default.size.stdout
 
Finished building: STM32F103RB_Lora_SX1278.list
 
23:20:01 **** Incremental Build of configuration Debug for project STM32F103RB_Lora_SX1278 ****
make -j12 all 
arm-none-eabi-gcc "../Core/Src/main.c" -mcpu=cortex-m3 -std=gnu11 -g3 -DDEBUG -DUSE_HAL_DRIVER -DSTM32F103xB -c -I../Core/Inc -I../Drivers/STM32F1xx_HAL_Driver/Inc -I../Drivers/STM32F1xx_HAL_Driver/Inc/Legacy -I../Drivers/CMSIS/Device/ST/STM32F1xx/Include -I../Drivers/CMSIS/Include -O0 -ffunction-sections -fdata-sections -Wall -fstack-usage -fcyclomatic-complexity -MMD -MP -MF"Core/Src/main.d" -MT"Core/Src/main.o" --specs=nano.specs -mfloat-abi=soft -mthumb -o "Core/Src/main.o"
In file included from ../Core/Src/main.c:27:
../Core/Src/LoRa.h:1:1: warning: multi-line comment [-Wcomment]
    1 | // -------------------------------------------------- \\
      | ^
arm-none-eabi-gcc -o "STM32F103RB_Lora_SX1278.elf" @"objects.list"   -mcpu=cortex-m3 -T"C:\Users\prath\OneDrive\Desktop\MINI PROJECT\Sem 5 Project\Week_8\Day_15\Target\STM32F103RB_Lora_SX1278\STM32F103RBTX_FLASH.ld" --specs=nosys.specs -Wl,-Map="STM32F103RB_Lora_SX1278.map" -Wl,--gc-sections -static --specs=nano.specs -mfloat-abi=soft -mthumb -Wl,--start-group -lc -lm -Wl,--end-group
Finished building target: STM32F103RB_Lora_SX1278.elf
 
arm-none-eabi-size  STM32F103RB_Lora_SX1278.elf 
arm-none-eabi-objdump -h -S STM32F103RB_Lora_SX1278.elf  > "STM32F103RB_Lora_SX1278.list"
   text	   data	    bss	    dec	    hex	filename
  13052	     12	   1780	  14844	   39fc	STM32F103RB_Lora_SX1278.elf
Finished building: default.size.stdout
 
Finished building: STM32F103RB_Lora_SX1278.list
 
23:21:30 **** Incremental Build of configuration Debug for project STM32F103RB_Lora_SX1278 ****
make -j12 all 
arm-none-eabi-size  STM32F103RB_Lora_SX1278.elf 
   text	   data	    bss	    dec	    hex	filename
  13052	     12	   1780	  14844	   39fc	STM32F103RB_Lora_SX1278.elf
Finished building: default.size.stdout
 
23:22:23 **** Incremental Build of configuration Debug for project STM32F103RB_Lora_SX1278 ****
make -j12 all 
arm-none-eabi-size  STM32F103RB_Lora_SX1278.elf 
   text	   data	    bss	    dec	    hex	filename
  13052	     12	   1780	  14844	   39fc	STM32F103RB_Lora_SX1278.elf
Finished building: default.size.stdout
 
23:23:20 **** Incremental Build of configuration Debug for project STM32F103RB_Lora_SX1278 ****
make -j12 all 
arm-none-eabi-gcc "../Core/Src/main.c" -mcpu=cortex-m3 -std=gnu11 -g3 -DDEBUG -DUSE_HAL_DRIVER -DSTM32F103xB -c -I../Core/Inc -I../Drivers/STM32F1xx_HAL_Driver/Inc -I../Drivers/STM32F1xx_HAL_Driver/Inc/Legacy -I../Drivers/CMSIS/Device/ST/STM32F1xx/Include -I../Drivers/CMSIS/Include -O0 -ffunction-sections -fdata-sections -Wall -fstack-usage -fcyclomatic-complexity -MMD -MP -MF"Core/Src/main.d" -MT"Core/Src/main.o" --specs=nano.specs -mfloat-abi=soft -mthumb -o "Core/Src/main.o"
In file included from ../Core/Src/main.c:27:
../Core/Src/LoRa.h:1:1: warning: multi-line comment [-Wcomment]
    1 | // -------------------------------------------------- \\
      | ^
arm-none-eabi-gcc -o "STM32F103RB_Lora_SX1278.elf" @"objects.list"   -mcpu=cortex-m3 -T"C:\Users\prath\OneDrive\Desktop\MINI PROJECT\Sem 5 Project\Week_8\Day_15\Target\STM32F103RB_Lora_SX1278\STM32F103RBTX_FLASH.ld" --specs=nosys.specs -Wl,-Map="STM32F103RB_Lora_SX1278.map" -Wl,--gc-sections -static --specs=nano.specs -mfloat-abi=soft -mthumb -Wl,--start-group -lc -lm -Wl,--end-group
Finished building target: STM32F103RB_Lora_SX1278.elf
 
arm-none-eabi-size  STM32F103RB_Lora_SX1278.elf 
arm-none-eabi-objdump -h -S STM32F103RB_Lora_SX1278.elf  > "STM32F103RB_Lora_SX1278.list"
   text	   data	    bss	    dec	    hex	filename
  13052	     12	   1780	  14844	   39fc	STM32F103RB_Lora_SX1278.elf
Finished building: default.size.stdout
 
Finished building: STM32F103RB_Lora_SX1278.list
 
23:23:45 **** Incremental Build of configuration Debug for project STM32F103RB_Lora_SX1278 ****
make -j12 all 
arm-none-eabi-size  STM32F103RB_Lora_SX1278.elf 
   text	   data	    bss	    dec	    hex	filename
  13052	     12	   1780	  14844	   39fc	STM32F103RB_Lora_SX1278.elf
Finished building: default.size.stdout
 
23:25:17 **** Incremental Build of configuration Debug for project STM32F103RB_Lora_SX1278 ****
make -j12 all 
arm-none-eabi-gcc "../Core/Src/main.c" -mcpu=cortex-m3 -std=gnu11 -g3 -DDEBUG -DUSE_HAL_DRIVER -DSTM32F103xB -c -I../Core/Inc -I../Drivers/STM32F1xx_HAL_Driver/Inc -I../Drivers/STM32F1xx_HAL_Driver/Inc/Legacy -I../Drivers/CMSIS/Device/ST/STM32F1xx/Include -I../Drivers/CMSIS/Include -O0 -ffunction-sections -fdata-sections -Wall -fstack-usage -fcyclomatic-complexity -MMD -MP -MF"Core/Src/main.d" -MT"Core/Src/main.o" --specs=nano.specs -mfloat-abi=soft -mthumb -o "Core/Src/main.o"
In file included from ../Core/Src/main.c:27:
../Core/Src/LoRa.h:1:1: warning: multi-line comment [-Wcomment]
    1 | // -------------------------------------------------- \\
      | ^
arm-none-eabi-gcc -o "STM32F103RB_Lora_SX1278.elf" @"objects.list"   -mcpu=cortex-m3 -T"C:\Users\prath\OneDrive\Desktop\MINI PROJECT\Sem 5 Project\Week_8\Day_15\Target\STM32F103RB_Lora_SX1278\STM32F103RBTX_FLASH.ld" --specs=nosys.specs -Wl,-Map="STM32F103RB_Lora_SX1278.map" -Wl,--gc-sections -static --specs=nano.specs -mfloat-abi=soft -mthumb -Wl,--start-group -lc -lm -Wl,--end-group
Finished building target: STM32F103RB_Lora_SX1278.elf
 
arm-none-eabi-size  STM32F103RB_Lora_SX1278.elf 
arm-none-eabi-objdump -h -S STM32F103RB_Lora_SX1278.elf  > "STM32F103RB_Lora_SX1278.list"
   text	   data	    bss	    dec	    hex	filename
  13052	     12	   1780	  14844	   39fc	STM32F103RB_Lora_SX1278.elf
Finished building: default.size.stdout
 
Finished building: STM32F103RB_Lora_SX1278.list
 
23:26:12 **** Incremental Build of configuration Debug for project STM32F103RB_Lora_SX1278 ****
make -j12 all 
arm-none-eabi-gcc "../Core/Src/main.c" -mcpu=cortex-m3 -std=gnu11 -g3 -DDEBUG -DUSE_HAL_DRIVER -DSTM32F103xB -c -I../Core/Inc -I../Drivers/STM32F1xx_HAL_Driver/Inc -I../Drivers/STM32F1xx_HAL_Driver/Inc/Legacy -I../Drivers/CMSIS/Device/ST/STM32F1xx/Include -I../Drivers/CMSIS/Include -O0 -ffunction-sections -fdata-sections -Wall -fstack-usage -fcyclomatic-complexity -MMD -MP -MF"Core/Src/main.d" -MT"Core/Src/main.o" --specs=nano.specs -mfloat-abi=soft -mthumb -o "Core/Src/main.o"
In file included from ../Core/Src/main.c:27:
../Core/Src/LoRa.h:1:1: warning: multi-line comment [-Wcomment]
    1 | // -------------------------------------------------- \\
      | ^
arm-none-eabi-gcc -o "STM32F103RB_Lora_SX1278.elf" @"objects.list"   -mcpu=cortex-m3 -T"C:\Users\prath\OneDrive\Desktop\MINI PROJECT\Sem 5 Project\Week_8\Day_15\Target\STM32F103RB_Lora_SX1278\STM32F103RBTX_FLASH.ld" --specs=nosys.specs -Wl,-Map="STM32F103RB_Lora_SX1278.map" -Wl,--gc-sections -static --specs=nano.specs -mfloat-abi=soft -mthumb -Wl,--start-group -lc -lm -Wl,--end-group
Finished building target: STM32F103RB_Lora_SX1278.elf
 
arm-none-eabi-size  STM32F103RB_Lora_SX1278.elf 
arm-none-eabi-objdump -h -S STM32F103RB_Lora_SX1278.elf  > "STM32F103RB_Lora_SX1278.list"
   text	   data	    bss	    dec	    hex	filename
  13036	     12	   1780	  14828	   39ec	STM32F103RB_Lora_SX1278.elf
Finished building: default.size.stdout
 
Finished building: STM32F103RB_Lora_SX1278.list
 
23:27:16 **** Incremental Build of configuration Debug for project STM32F103RB_Lora_SX1278 ****
make -j12 all 
arm-none-eabi-gcc "../Core/Src/main.c" -mcpu=cortex-m3 -std=gnu11 -g3 -DDEBUG -DUSE_HAL_DRIVER -DSTM32F103xB -c -I../Core/Inc -I../Drivers/STM32F1xx_HAL_Driver/Inc -I../Drivers/STM32F1xx_HAL_Driver/Inc/Legacy -I../Drivers/CMSIS/Device/ST/STM32F1xx/Include -I../Drivers/CMSIS/Include -O0 -ffunction-sections -fdata-sections -Wall -fstack-usage -fcyclomatic-complexity -MMD -MP -MF"Core/Src/main.d" -MT"Core/Src/main.o" --specs=nano.specs -mfloat-abi=soft -mthumb -o "Core/Src/main.o"
In file included from ../Core/Src/main.c:27:
../Core/Src/LoRa.h:1:1: warning: multi-line comment [-Wcomment]
    1 | // -------------------------------------------------- \\
      | ^
arm-none-eabi-gcc -o "STM32F103RB_Lora_SX1278.elf" @"objects.list"   -mcpu=cortex-m3 -T"C:\Users\prath\OneDrive\Desktop\MINI PROJECT\Sem 5 Project\Week_8\Day_15\Target\STM32F103RB_Lora_SX1278\STM32F103RBTX_FLASH.ld" --specs=nosys.specs -Wl,-Map="STM32F103RB_Lora_SX1278.map" -Wl,--gc-sections -static --specs=nano.specs -mfloat-abi=soft -mthumb -Wl,--start-group -lc -lm -Wl,--end-group
Finished building target: STM32F103RB_Lora_SX1278.elf
 
arm-none-eabi-size  STM32F103RB_Lora_SX1278.elf 
arm-none-eabi-objdump -h -S STM32F103RB_Lora_SX1278.elf  > "STM32F103RB_Lora_SX1278.list"
   text	   data	    bss	    dec	    hex	filename
  13036	     12	   1780	  14828	   39ec	STM32F103RB_Lora_SX1278.elf
Finished building: default.size.stdout
 
Finished building: STM32F103RB_Lora_SX1278.list
 
23:28:24 **** Incremental Build of configuration Debug for project STM32F103RB_Lora_SX1278 ****
make -j12 all 
arm-none-eabi-size  STM32F103RB_Lora_SX1278.elf 
   text	   data	    bss	    dec	    hex	filename
  13036	     12	   1780	  14828	   39ec	STM32F103RB_Lora_SX1278.elf
Finished building: default.size.stdout
 
23:30:13 **** Incremental Build of configuration Debug for project STM32F103RB_Lora_SX1278 ****
make -j12 all 
arm-none-eabi-gcc "../Core/Src/main.c" -mcpu=cortex-m3 -std=gnu11 -g3 -DDEBUG -DUSE_HAL_DRIVER -DSTM32F103xB -c -I../Core/Inc -I../Drivers/STM32F1xx_HAL_Driver/Inc -I../Drivers/STM32F1xx_HAL_Driver/Inc/Legacy -I../Drivers/CMSIS/Device/ST/STM32F1xx/Include -I../Drivers/CMSIS/Include -O0 -ffunction-sections -fdata-sections -Wall -fstack-usage -fcyclomatic-complexity -MMD -MP -MF"Core/Src/main.d" -MT"Core/Src/main.o" --specs=nano.specs -mfloat-abi=soft -mthumb -o "Core/Src/main.o"
In file included from ../Core/Src/main.c:27:
../Core/Src/LoRa.h:1:1: warning: multi-line comment [-Wcomment]
    1 | // -------------------------------------------------- \\
      | ^
arm-none-eabi-gcc -o "STM32F103RB_Lora_SX1278.elf" @"objects.list"   -mcpu=cortex-m3 -T"C:\Users\prath\OneDrive\Desktop\MINI PROJECT\Sem 5 Project\Week_8\Day_15\Target\STM32F103RB_Lora_SX1278\STM32F103RBTX_FLASH.ld" --specs=nosys.specs -Wl,-Map="STM32F103RB_Lora_SX1278.map" -Wl,--gc-sections -static --specs=nano.specs -mfloat-abi=soft -mthumb -Wl,--start-group -lc -lm -Wl,--end-group
Finished building target: STM32F103RB_Lora_SX1278.elf
 
arm-none-eabi-size  STM32F103RB_Lora_SX1278.elf 
arm-none-eabi-objdump -h -S STM32F103RB_Lora_SX1278.elf  > "STM32F103RB_Lora_SX1278.list"
   text	   data	    bss	    dec	    hex	filename
  13052	     12	   1780	  14844	   39fc	STM32F103RB_Lora_SX1278.elf
Finished building: default.size.stdout
 
Finished building: STM32F103RB_Lora_SX1278.list
 
23:34:01 **** Incremental Build of configuration Debug for project STM32F103RB_Lora_SX1278 ****
make -j12 all 
arm-none-eabi-gcc "../Core/Src/main.c" -mcpu=cortex-m3 -std=gnu11 -g3 -DDEBUG -DUSE_HAL_DRIVER -DSTM32F103xB -c -I../Core/Inc -I../Drivers/STM32F1xx_HAL_Driver/Inc -I../Drivers/STM32F1xx_HAL_Driver/Inc/Legacy -I../Drivers/CMSIS/Device/ST/STM32F1xx/Include -I../Drivers/CMSIS/Include -O0 -ffunction-sections -fdata-sections -Wall -fstack-usage -fcyclomatic-complexity -MMD -MP -MF"Core/Src/main.d" -MT"Core/Src/main.o" --specs=nano.specs -mfloat-abi=soft -mthumb -o "Core/Src/main.o"
In file included from ../Core/Src/main.c:27:
../Core/Src/LoRa.h:1:1: warning: multi-line comment [-Wcomment]
    1 | // -------------------------------------------------- \\
      | ^
arm-none-eabi-gcc -o "STM32F103RB_Lora_SX1278.elf" @"objects.list"   -mcpu=cortex-m3 -T"C:\Users\prath\OneDrive\Desktop\MINI PROJECT\Sem 5 Project\Week_8\Day_15\Target\STM32F103RB_Lora_SX1278\STM32F103RBTX_FLASH.ld" --specs=nosys.specs -Wl,-Map="STM32F103RB_Lora_SX1278.map" -Wl,--gc-sections -static --specs=nano.specs -mfloat-abi=soft -mthumb -Wl,--start-group -lc -lm -Wl,--end-group
Finished building target: STM32F103RB_Lora_SX1278.elf
 
arm-none-eabi-size  STM32F103RB_Lora_SX1278.elf 
arm-none-eabi-objdump -h -S STM32F103RB_Lora_SX1278.elf  > "STM32F103RB_Lora_SX1278.list"
   text	   data	    bss	    dec	    hex	filename
  13060	     12	   1780	  14852	   3a04	STM32F103RB_Lora_SX1278.elf
Finished building: default.size.stdout
 
Finished building: STM32F103RB_Lora_SX1278.list
 
23:36:15 **** Incremental Build of configuration Debug for project STM32F103RB_Lora_SX1278 ****
make -j12 all 
arm-none-eabi-size  STM32F103RB_Lora_SX1278.elf 
   text	   data	    bss	    dec	    hex	filename
  13060	     12	   1780	  14852	   3a04	STM32F103RB_Lora_SX1278.elf
Finished building: default.size.stdout
 
23:38:36 **** Incremental Build of configuration Debug for project STM32F103RB_Lora_SX1278 ****
make -j12 all 
arm-none-eabi-size  STM32F103RB_Lora_SX1278.elf 
   text	   data	    bss	    dec	    hex	filename
  13060	     12	   1780	  14852	   3a04	STM32F103RB_Lora_SX1278.elf
Finished building: default.size.stdout
 
