../Src/main.c:31:6:clock_init	4	static
../Src/main.c:52:6:SysTick_Init	4	static
../Src/main.c:63:6:SysTick_Handler	4	static
../Src/main.c:67:10:GetTick	4	static
../Src/main.c:72:6:Systick_delay_ms	24	static
../Src/main.c:87:6:Systick_delay_us	24	static
../Src/main.c:102:6:TIM1_Init	4	static
../Src/main.c:110:6:TIM1_us_delay	16	static
../Src/main.c:115:6:TIM1_ms_delay	24	static
../Src/main.c:157:6:DHT_GPIO_init_MCU_Start	4	static
../Src/main.c:166:6:DHT_GPIO_init_DHT_Start	4	static
../Src/main.c:177:6:DHT11_Init	8	static
../Src/main.c:190:9:DHT11_Read_bit	4	static
../Src/main.c:194:9:DHT11_Response_check	16	static
../Src/main.c:212:9:DHT11_Read_Byte	16	static
../Src/main.c:247:6:GET_DHT11_Data	24	static
../Src/main.c:290:5:main	16	static
