../Src/main.c:31:6:clock_init	4
../Src/main.c:52:6:SysTick_Init	1
../Src/main.c:63:6:SysTick_Handler	1
../Src/main.c:67:10:GetTick	1
../Src/main.c:72:6:Systick_delay_ms	3
../Src/main.c:87:6:Systick_delay_us	3
../Src/main.c:102:6:TIM1_Init	1
../Src/main.c:110:6:TIM1_us_delay	2
../Src/main.c:115:6:TIM1_ms_delay	2
../Src/main.c:157:6:DHT_GPIO_init_MCU_Start	1
../Src/main.c:166:6:DHT_GPIO_init_DHT_Start	1
../Src/main.c:177:6:DHT11_Init	1
../Src/main.c:190:9:DHT11_Read_bit	1
../Src/main.c:194:9:DHT11_Response_check	5
../Src/main.c:212:9:DHT11_Read_Byte	7
../Src/main.c:247:6:GET_DHT11_Data	3
../Src/main.c:290:5:main	1
