22:30:08 **** Incremental Build of configuration Debug for project STM32F103C6_DHT11 ****
make -j12 all 
arm-none-eabi-gcc "../Core/Src/main.c" -mcpu=cortex-m3 -std=gnu11 -g3 -DDEBUG -DUSE_HAL_DRIVER -DSTM32F103x6 -c -I../Core/Inc -I../Drivers/STM32F1xx_HAL_Driver/Inc/Legacy -I../Drivers/STM32F1xx_HAL_Driver/Inc -I../Drivers/CMSIS/Device/ST/STM32F1xx/Include -I../Drivers/CMSIS/Include -O0 -ffunction-sections -fdata-sections -Wall -fstack-usage -fcyclomatic-complexity -MMD -MP -MF"Core/Src/main.d" -MT"Core/Src/main.o" --specs=nano.specs -mfloat-abi=soft -mthumb -o "Core/Src/main.o"
arm-none-eabi-gcc -o "STM32F103C6_DHT11.elf" @"objects.list"   -mcpu=cortex-m3 -T"C:\Users\prath\OneDrive\Desktop\MINI PROJECT\Sem 5 Project\Week 7\Day_11_(30-8-25)\Target\STM32F103C6_DHT11\STM32F103C6TX_FLASH.ld" --specs=nosys.specs -Wl,-Map="STM32F103C6_DHT11.map" -Wl,--gc-sections -static --specs=nano.specs -mfloat-abi=soft -mthumb -Wl,--start-group -lc -lm -Wl,--end-group
Finished building target: STM32F103C6_DHT11.elf
 
arm-none-eabi-size  STM32F103C6_DHT11.elf 
arm-none-eabi-objdump -h -S STM32F103C6_DHT11.elf  > "STM32F103C6_DHT11.list"
   text	   data	    bss	    dec	    hex	filename
  15444	    112	   2080	  17636	   44e4	STM32F103C6_DHT11.elf
arm-none-eabi-objcopy  -O ihex STM32F103C6_DHT11.elf  "STM32F103C6_DHT11.hex"
Finished building: default.size.stdout
 
Finished building: STM32F103C6_DHT11.hex
 
Finished building: STM32F103C6_DHT11.list
 
