../Core/Src/main.c:98:5:main	1
../Core/Src/main.c:180:6:SystemClock_Config	4
../Core/Src/main.c:228:6:Delay_ms	3
../Core/Src/main.c:241:6:TIM2_init_us	1
../Core/Src/main.c:251:6:delay_us	2
../Core/Src/main.c:256:6:delay_ms	2
../Core/Src/main.c:262:6:USART3_Init	1
../Core/Src/main.c:287:6:USART3_Write	2
../Core/Src/main.c:293:6:USART3_Read	2
../Core/Src/main.c:298:5:__io_putchar	1
../Core/Src/main.c:304:6:integer_to_ascii	1
../Core/Src/main.c:315:6:Basic_Commands	1
../Core/Src/main.c:325:6:Wifi_Conn_Commands	1
../Core/Src/main.c:336:6:Wifi_acc	1
../Core/Src/main.c:343:6:Thing_Speak_Command_Start	1
../Core/Src/main.c:350:6:Data_Commands	1
../Core/Src/main.c:371:6:Init_ESP8266	1
../Core/Src/main.c:385:6:Error_Handler	1
