../Core/Src/main.c:98:5:main	16	static
../Core/Src/main.c:180:6:SystemClock_Config	104	static
../Core/Src/main.c:228:6:Delay_ms	24	static
../Core/Src/main.c:241:6:TIM2_init_us	4	static
../Core/Src/main.c:251:6:delay_us	16	static
../Core/Src/main.c:256:6:delay_ms	24	static
../Core/Src/main.c:262:6:USART3_Init	4	static
../Core/Src/main.c:287:6:USART3_Write	16	static
../Core/Src/main.c:293:6:USART3_Read	4	static
../Core/Src/main.c:298:5:__io_putchar	16	static
../Core/Src/main.c:304:6:integer_to_ascii	16	static
../Core/Src/main.c:315:6:Basic_Commands	8	static
../Core/Src/main.c:325:6:Wifi_Conn_Commands	8	static
../Core/Src/main.c:336:6:Wifi_acc	8	static
../Core/Src/main.c:343:6:Thing_Speak_Command_Start	8	static
../Core/Src/main.c:350:6:Data_Commands	8	static
../Core/Src/main.c:371:6:Init_ESP8266	8	static
../Core/Src/main.c:385:6:Error_Handler	4	static,ignoring_inline_asm
