00:34:03 **** Incremental Build of configuration Debug for project NEO-6M_F401RE ****
make -j12 all 
arm-none-eabi-gcc "../Core/Src/main.c" -mcpu=cortex-m4 -std=gnu11 -g3 -DDEBUG -DUSE_HAL_DRIVER -DSTM32F401xE -c -I../Core/Inc -I../Drivers/STM32F4xx_HAL_Driver/Inc -I../Drivers/STM32F4xx_HAL_Driver/Inc/Legacy -I../Drivers/CMSIS/Device/ST/STM32F4xx/Include -I../Drivers/CMSIS/Include -O0 -ffunction-sections -fdata-sections -Wall -fstack-usage -fcyclomatic-complexity -MMD -MP -MF"Core/Src/main.d" -MT"Core/Src/main.o" --specs=nano.specs -mfpu=fpv4-sp-d16 -mfloat-abi=hard -mthumb -o "Core/Src/main.o"
arm-none-eabi-gcc -o "NEO-6M_F401RE.elf" @"objects.list"   -mcpu=cortex-m4 -T"C:\Users\prath\OneDrive\Desktop\MINI PROJECT\Sem 5 Project\Week_9\Day_17\Target\NEO-6M_F401RE\STM32F401RETX_FLASH.ld" --specs=nosys.specs -Wl,-Map="NEO-6M_F401RE.map" -Wl,--gc-sections -static --specs=nano.specs -mfpu=fpv4-sp-d16 -mfloat-abi=hard -mthumb -u _printf_float -u _scanf_float -Wl,--start-group -lc -lm -Wl,--end-group
Finished building target: NEO-6M_F401RE.elf
 
arm-none-eabi-size  NEO-6M_F401RE.elf 
arm-none-eabi-objdump -h -S NEO-6M_F401RE.elf  > "NEO-6M_F401RE.list"
arm-none-eabi-objcopy  -O ihex NEO-6M_F401RE.elf  "NEO-6M_F401RE.hex"
   text	   data	    bss	    dec	    hex	filename
  36704	    468	   3788	  40960	   a000	NEO-6M_F401RE.elf
Finished building: default.size.stdout
 
Finished building: NEO-6M_F401RE.hex
 
Finished building: NEO-6M_F401RE.list
 
