23:44:38 **** Incremental Build of configuration Debug for project STM32_NEO6M_C8 ****
make -j12 all 
arm-none-eabi-gcc -o "STM32_NEO6M_C8.elf" @"objects.list"   -mcpu=cortex-m3 -T"C:\Users\prath\OneDrive\Desktop\MINI PROJECT\Sem 5 Project\Week_9\Day_17\Target\STM32_NEO6M_C8\STM32F103C8TX_FLASH.ld" --specs=nosys.specs -Wl,-Map="STM32_NEO6M_C8.map" -Wl,--gc-sections -static --specs=nano.specs -mfloat-abi=soft -mthumb -u _printf_float -u _scanf_float -Wl,--start-group -lc -lm -Wl,--end-group
Finished building target: STM32_NEO6M_C8.elf
 
arm-none-eabi-size  STM32_NEO6M_C8.elf 
arm-none-eabi-objdump -h -S STM32_NEO6M_C8.elf  > "STM32_NEO6M_C8.list"
   text	   data	    bss	    dec	    hex	filename
  34096	    468	   3756	  38320	   95b0	STM32_NEO6M_C8.elf
arm-none-eabi-objcopy  -O ihex STM32_NEO6M_C8.elf  "STM32_NEO6M_C8.hex"
Finished building: default.size.stdout
arm-none-eabi-objcopy  -O verilog STM32_NEO6M_C8.elf  "STM32_NEO6M_C8.verilog"
 
Finished building: STM32_NEO6M_C8.list
 
Finished building: STM32_NEO6M_C8.verilog
Finished building: STM32_NEO6M_C8.hex
 
 

23:44:38 Build Finished. 0 errors, 0 warnings. (took 655ms)

