../Src/main.c:26:6:clock_init	4
../Src/main.c:47:6:Systick_delay_ms	3
../Src/main.c:62:6:Systick_delay_us	3
../Src/main.c:77:6:TIM2_Init	1
../Src/main.c:85:6:TIM2_us_delay	2
../Src/main.c:90:6:TIM2_ms_delay	2
../Src/main.c:132:6:DHT_GPIO_init_MCU_Start	1
../Src/main.c:141:6:DHT_GPIO_init_DHT_Start	1
../Src/main.c:152:6:DHT11_Init	1
../Src/main.c:165:9:DHT11_Read_bit	1
../Src/main.c:169:9:DHT11_Response_check	4
../Src/main.c:185:9:DHT11_Read_Byte	5
../Src/main.c:210:6:GET_DHT11_Data	3
../Src/main.c:253:5:main	1
