../Src/main.c:26:6:clock_init	4	static
../Src/main.c:47:6:Systick_delay_ms	24	static
../Src/main.c:62:6:Systick_delay_us	24	static
../Src/main.c:77:6:TIM2_Init	4	static
../Src/main.c:85:6:TIM2_us_delay	16	static
../Src/main.c:90:6:TIM2_ms_delay	24	static
../Src/main.c:132:6:DHT_GPIO_init_MCU_Start	4	static
../Src/main.c:141:6:DHT_GPIO_init_DHT_Start	4	static
../Src/main.c:152:6:DHT11_Init	8	static
../Src/main.c:165:9:DHT11_Read_bit	4	static
../Src/main.c:169:9:DHT11_Response_check	8	static
../Src/main.c:185:9:DHT11_Read_Byte	16	static
../Src/main.c:210:6:GET_DHT11_Data	24	static
../Src/main.c:253:5:main	16	static
